ets Jun  8 2016 00:22:57

rst:0x3 (SW_RESET),boot:0x13 (SPI_FAST_FLASH_BOOT)
configsip: 0, SPIWP:0xee
clk_drv:0x00,q_drv:0x00,d_drv:0x00,cs0_drv:0x00,hd_drv:0x00,wp_drv:0x00
mode:DIO, clock div:1
load:0x3fff0030,len:7000
load:0x40078000,len:15456
load:0x40080400,len:3840
entry 0x4008064c
I (26) boot: ESP-IDF v5.0-dirty 2nd stage bootloader
I (26) boot: compile time 09:53:12
I (27) boot: chip revision: v1.0
I (30) boot_comm: chip revision: 1, min. bootloader chip revision: 0
I (37) boot.esp32: SPI Speed      : 80MHz
I (41) boot.esp32: SPI Mode       : DIO
I (46) boot.esp32: SPI Flash Size : 2MB
I (51) boot: Enabling RNG early entropy source...
I (56) boot: Partition Table:
I (60) boot: ## Label            Usage          Type ST Offset   Length
I (67) boot:  0 nvs              WiFi data        01 02 00009000 00006000
I (74) boot:  1 phy_init         RF data          01 01 0000f000 00001000
I (82) boot:  2 factory          factory app      00 00 00010000 00177000
I (89) boot: End of partition table
I (93) boot_comm: chip revision: 1, min. application chip revision: 0
I (101) esp_image: segment 0: paddr=00010020 vaddr=3f400020 size=28248h (164424) map
I (159) esp_image: segment 1: paddr=00038270 vaddr=3ffb0000 size=04128h ( 16680) load
I (164) esp_image: segment 2: paddr=0003c3a0 vaddr=40080000 size=03c78h ( 15480) load
I (170) esp_image: segment 3: paddr=00040020 vaddr=400d0020 size=b66bch (747196) map
I (398) esp_image: segment 4: paddr=000f66e4 vaddr=40083c78 size=1a0e4h (106724) load
I (436) esp_image: segment 5: paddr=001107d0 vaddr=50000000 size=00010h (    16) load
I (451) boot: Loaded app from partition at offset 0x10000
I (451) boot: Disabling RNG early entropy source...
I (462) cpu_start: Pro cpu up.
I (463) cpu_start: Starting app cpu, entry point is 0x400813ec
I (450) cpu_start: App cpu up.
I (477) cpu_start: Pro cpu start user code
I (477) cpu_start: cpu freq: 160000000 Hz
I (477) cpu_start: Application information:
I (482) cpu_start: Project name:     key_test
I (487) cpu_start: App version:      v5.6.0-stable-553-g3d02a53ed-di
I (494) cpu_start: Compile time:     Apr 22 2023 10:11:45
I (500) cpu_start: ELF file SHA256:  9a894334ba4fdbe1...
I (506) cpu_start: ESP-IDF:          v5.0-dirty
I (511) heap_init: Initializing. RAM available for dynamic allocation:
I (518) heap_init: At 3FFAE6E0 len 00001920 (6 KiB): DRAM
I (524) heap_init: At 3FFB70B0 len 00028F50 (163 KiB): DRAM
I (531) heap_init: At 3FFE0440 len 00003AE0 (14 KiB): D/IRAM
I (537) heap_init: At 3FFE4350 len 0001BCB0 (111 KiB): D/IRAM
I (543) heap_init: At 4009DD5C len 000022A4 (8 KiB): IRAM
I (551) spi_flash: detected chip: generic
I (554) spi_flash: flash io: dio
W (558) spi_flash: Detected size(4096k) larger than the size in the binary image header(2048k). Using the size in t
he binary image header.
I (573) cpu_start: Starting scheduler on PRO CPU.
I (0) cpu_start: Starting scheduler on APP CPU.
I (582) key test: --------------------------------------------------------
I (582) key test: --------------------------------------------------------
I (582) key test: ---------------------- BEGIN MAIN ----------------------
I (592) key test: --------------------------------------------------------
I (602) key test: --------------------------------------------------------
I (612) Version Info: Extended Version and Platform Information.
I (612) Version Info: LIBWOLFSSL_VERSION_STRING = 5.6.0
I (622) Version Info: LIBWOLFSSL_VERSION_HEX = 5006000
I (632) Version Info: LIBWOLFSSL_VERSION_GIT_TAG = v5.6.0-stable
I (632) Version Info: LIBWOLFSSL_VERSION_GIT_ORIGIN = https://github.com/gojimmypi/wolfssl.git
I (642) Version Info: LIBWOLFSSL_VERSION_GIT_BRANCH = ED25519_SHA2_fix
I (652) Version Info: LIBWOLFSSL_VERSION_GIT_HASH = 3d02a53ed7e65750e22cb912779e636732753a11
I (662) Version Info: LIBWOLFSSL_VERSION_GIT_SHORT_HASH = 3d02a53ed
I (662) Version Info: LIBWOLFSSL_VERSION_GIT_HASH_DATE = 'Sat Apr 22 10:11:32 2023 +0200'
I (672) Version Info: CONFIG_IDF_TARGET = esp32
I (682) Version Info: CONFIG_ESP32_DEFAULT_CPU_FREQ_MHZ: 160 MHz
I (692) Version Info: Xthal_have_ccount: 1
I (692) Version Info: CONFIG_MAIN_TASK_STACK_SIZE: 55000
I (702) Version Info: CONFIG_ESP_MAIN_TASK_STACK_SIZE: 55000
I (702) Version Info: CONFIG_TIMER_TASK_STACK_SIZE: 3584
I (712) Version Info: CONFIG_TIMER_TASK_STACK_DEPTH: 2048
I (712) Version Info: Stack HWM: 52668
I (722) Version Info: ESP32WROOM32_CRYPT is enabled for ESP32.
I (732) Version Info: NOT SINGLE_THREADED
I (782) key test: ESP_WIFI_MODE_STA
I (792) wifi:wifi driver task: 3ffc9e7c, prio:23, stack:6656, core=0
I (792) system_api: Base MAC address is not set
I (792) system_api: read default base MAC address from EFUSE
I (822) wifi:wifi firmware version: 0d470ef
I (822) wifi:wifi certification version: v7.0
I (822) wifi:config NVS flash: enabled
I (822) wifi:config nano formating: disabled
I (822) wifi:Init data frame dynamic rx buffer num: 32
I (832) wifi:Init management frame dynamic rx buffer num: 32
I (832) wifi:Init management short buffer num: 32
I (842) wifi:Init dynamic tx buffer num: 32
I (842) wifi:Init static rx buffer size: 1600
I (842) wifi:Init static rx buffer num: 10
I (852) wifi:Init dynamic rx buffer num: 32
I (852) wifi_init: rx ba win: 6
I (862) wifi_init: tcpip mbox: 32
I (862) wifi_init: udp mbox: 6
I (862) wifi_init: tcp mbox: 6
I (872) wifi_init: tcp tx win: 5744
I (872) wifi_init: tcp rx win: 5744
I (882) wifi_init: tcp mss: 1440
I (882) wifi_init: WiFi IRAM OP enabled
I (882) wifi_init: WiFi RX IRAM OP enabled
W (892) key test: Warning test
E (892) key test: Error test
I (902) key test: Generating an RSA key 2048 bits long
I (33492) key test:

Cert PEM:

-----BEGIN RSA PRIVATE KEY-----
MIIEpAIBAAKCAQEAmkkt8BcDDl81fwGHeq9/Kmww2HQ8V4yQamnPloNBqJlcd6TG
G+3Jh2bI/C39NAPczZDd2mTqBexexkGmjhuN5IgfDxoEv0sfkwg36uLWDTL60j+F
pcrd4BOhZKK5wbKDnk+S/39DFEpKmGSn95iZ2D7iYah89ktq/eqr9bPIzdG+d98q
XTkq8F/mAoj6lhrWKdr1oPAxrWh+U4mJGJlb0RF5j17emII1ZMWOOw4YqveyBTlS
kaGdMIF3jrjb76Gw5cIpa1igPUZdTFrYmX3MJClvN6mYUGS08joTx+RKWGG00iDC
N5abA3V6T0THZdjYCEi2AIRQVwWIbHZ46CEweQIDAQABAoIBAQCBwMGNhQzg7VlE
MrkJiMZdmxeJMlf9GQ3rMImQf1qcvD1zsXOa0WQHJ34n91VWhVkQ2KB7pxrZWGxs
N5InOS0f4Qqd3LfZWQh40xSTyalS+GjQoPN49x+Z72hwBhpKuCLQ5QMvNIvpaIFL
oHtSU1gu8NPaZaSSTeLxIIb13/kkfc5DaWVyjGbtkf5hVNxHWx31ipN+dK8kAfNg
NHbrKrymVNAOKRG6LQg3IPeNt/3JdqZj7GAP2PlAfFpf35p4od91Ye0lj3xNJ7YJ
qijbNIfPBPSrIkqIwvK5rcqeGVu87thBhxcLDxjkTmfV91geQvvOfPt0K1NCfvfU
1XaH/kQBAoGBAM2qsXnLKF5jyxGiPfBTHtu4BCuXMp1ZV39WOZ6VJKIfpoQvuDZw
0fjqtJL0r4VWBJamdGlFixko1OGG6u9ILW7kC9ZtkS4SqkncrWcx9hGwi1c4grZc
TQXqIU+mAzQ1zG0Zu/2+eSw51N3Vw+7e1QgiowxsoHTvhbLLTJYxV5lZAoGBAMAL
Zq+kUfef6vZJM/UeJRsow+09jnlnefOgslVFJyPsO2wd5QuvrIJjiwh42cZvlwLy
CDRa9wTsnZ3eqUtZpMknXYq/0LCNPtmq8Y96O5ifEf2wO67woUN5kynHTobcnwdS
4YqW7KA/ZyVOpTa76dj+ckhPsTaeY9M72KlC0EwhAoGAPWEu/GFUV+9CgK3B/IJi
GELwA65pLaqnQVqTca+jMjtt789qE91R3Q72+1DJPWrxjaB5550YqVaVSgWBAg6x
eIHYwpMKnAx4A/k3SzAO9zKQM2SrJg+f8R7x+BpcpG1V6E2g3FbHRRqxW89bXWPl
gjsMHD4jGSMO7NBduAlb0mkCgYEAsOLPdkBX70kw1iCe5ssZSmbF8CKetFwHC8ub
9sZ3QrM4GGGAsr7gmkitquQFUq093synmfGfTL3Uf7CzJmAvU8gadM4wni27EipN
zOW9Ntpta8mDb6LcJpY4YmbdgYJ8R/ajH0/cK826Z7aEnmF/Bwt2n/wnMjO5prqc
2WpdCYECgYB3EDtg6e3ROcMPG+Z5e4MrXV3R8e89D+RVB+LujsM3kfd+xg9I3LD8
3YjwJLG3PeaUj0qcehdi47GCLNuk62TLbGBdiFWhao3AsdeUQa4WR4LMiZC3HFZc
6plM+0GjLhgPxJNZTZnkxOsRTbU8D7f/cuzIhd5WpbzvU66EX4TXUg==
-----END RSA PRIVATE KEY-----



I (34432) key test:

Request pem: (paste into file for CA sign)

-----BEGIN CERTIFICATE REQUEST-----
MIICxDCCAawCAQAwfzELMAkGA1UEBhMCTloxEDAOBgNVBAgMB1dhaWthdG8xETAP
BgNVBAcMCEhhbWlsdG9uMSAwHgYDVQQKDBdCbHVlIExlYWYgU29mdHdhcmUsIEx0
ZDEpMCcGA1UEAwwgTHVtb3MgSFcsIHNlcmlhbE51bWJlciA9IEJMUy0wMDIwggEi
MA0GCSqGSIb3DQEBAQUAA4IBDwAwggEKAoIBAQCaSS3wFwMOXzV/AYd6r38qbDDY
dDxXjJBqac+Wg0GomVx3pMYb7cmHZsj8Lf00A9zNkN3aZOoF7F7GQaaOG43kiB8P
GgS/Sx+TCDfq4tYNMvrSP4Wlyt3gE6FkornBsoOeT5L/f0MUSkqYZKf3mJnYPuJh
qHz2S2r96qv1s8jN0b533ypdOSrwX+YCiPqWGtYp2vWg8DGtaH5TiYkYmVvREXmP
Xt6YgjVkxY47Dhiq97IFOVKRoZ0wgXeOuNvvobDlwilrWKA9Rl1MWtiZfcwkKW83
qZhQZLTyOhPH5EpYYbTSIMI3lpsDdXpPRMdl2NgISLYAhFBXBYhsdnjoITB5AgMB
AAGgADANBgkqhkiG9w0BAQsFAAOCAQEAQ4jrFtRnqJfdAUd9Tyd4xWaUcOwWrSrc
krSmD4zOYME+OxVWlzmX9xFBMuAtpj88kwNQwNNH88kcBeuIV7Sse0cZVc7d1UzG
x2giH2fS2Ysanp2YxHwmWiTLAofcSMg/ujN0HOx9zi71kDhqjDZf99R3jSjm4glY
xxZQ+OC4ooDsrZzj2h07St2Qw2IKq7jBihsGQ9jNz9Ihj9MjxGywOvivAf1iW2u4
v8SuN6b1STh9qkkpEgrrDj5lv35LknTyfLMucDQKiezYVSl1U5v9slhYbAlwEFYv
aXkmgWwvxeKBPyOTHmoPWSTfHbWq6gBav20qLueQbXWvxGDvtfjYCw==
-----END CERTIFICATE REQUEST-----



I (34522) key test: openssl x509 -req -in ./output/test_request.crt -days 10    \
     -CA private/CertificateAuthority-4096-PublicKey.crt                 \
     -CAkey private/CertificateAuthority-4096-PrivateKey.pem             \
     -passin pass:secret -CAcreateserial                                 \
     -extfile private/CertificateExtensions.txt -extensions LumosDevice  \
     -out ./output/test-Device-Certificate_hw.crt -text

I (34562) key test: ESP32WROOM32_CRYPT is enabled for ESP32.
I (34572) key test: Done!
