ets Jun  8 2016 00:22:57

rst:0x3 (SW_RESET),boot:0x13 (SPI_FAST_FLASH_BOOT)
configsip: 0, SPIWP:0xee
clk_drv:0x00,q_drv:0x00,d_drv:0x00,cs0_drv:0x00,hd_drv:0x00,wp_drv:0x00
mode:DIO, clock div:1
load:0x3fff0030,len:7000
load:0x40078000,len:15456
load:0x40080400,len:3840
entry 0x4008064c
I (26) boot: ESP-IDF v5.0-dirty 2nd stage bootloader
I (26) boot: compile time 19:23:39
I (27) boot: chip revision: v1.0
I (30) boot_comm: chip revision: 1, min. bootloader chip revision: 0
I (37) boot.esp32: SPI Speed      : 80MHz
I (41) boot.esp32: SPI Mode       : DIO
I (46) boot.esp32: SPI Flash Size : 2MB
I (51) boot: Enabling RNG early entropy source...
I (56) boot: Partition Table:
I (60) boot: ## Label            Usage          Type ST Offset   Length
I (67) boot:  0 nvs              WiFi data        01 02 00009000 00006000
I (74) boot:  1 phy_init         RF data          01 01 0000f000 00001000
I (82) boot:  2 factory          factory app      00 00 00010000 00177000
I (89) boot: End of partition table
I (93) boot_comm: chip revision: 1, min. application chip revision: 0
I (100) esp_image: segment 0: paddr=00010020 vaddr=3f400020 size=22ab8h (142008) map
I (152) esp_image: segment 1: paddr=00032ae0 vaddr=3ffb0000 size=03a4ch ( 14924) load
I (157) esp_image: segment 2: paddr=00036534 vaddr=40080000 size=09ae4h ( 39652) load
I (172) esp_image: segment 3: paddr=00040020 vaddr=400d0020 size=7a5dch (501212) map
I (323) esp_image: segment 4: paddr=000ba604 vaddr=40089ae4 size=0a6d8h ( 42712) load
I (338) esp_image: segment 5: paddr=000c4ce4 vaddr=50000000 size=00010h (    16) load
I (349) boot: Loaded app from partition at offset 0x10000
I (349) boot: Disabling RNG early entropy source...
I (361) cpu_start: Pro cpu up.
I (361) cpu_start: Starting app cpu, entry point is 0x400812d0
I (348) cpu_start: App cpu up.
I (375) cpu_start: Pro cpu start user code
I (375) cpu_start: cpu freq: 160000000 Hz
I (375) cpu_start: Application information:
I (380) cpu_start: Project name:     key_test
I (385) cpu_start: App version:      v5.6.0-stable-541-g9e446a0fe-di
I (392) cpu_start: Compile time:     Apr 20 2023 21:23:39
I (398) cpu_start: ELF file SHA256:  f3b7d7829d7ef142...
I (404) cpu_start: ESP-IDF:          v5.0-dirty
I (409) heap_init: Initializing. RAM available for dynamic allocation:
I (416) heap_init: At 3FFAE6E0 len 00001920 (6 KiB): DRAM
I (422) heap_init: At 3FFB69D8 len 00029628 (165 KiB): DRAM
I (429) heap_init: At 3FFE0440 len 00003AE0 (14 KiB): D/IRAM
I (435) heap_init: At 3FFE4350 len 0001BCB0 (111 KiB): D/IRAM
I (442) heap_init: At 400941BC len 0000BE44 (47 KiB): IRAM
I (449) spi_flash: detected chip: generic
I (452) spi_flash: flash io: dio
W (456) spi_flash: Detected size(4096k) larger than the size in the binary image header(2048
k). Using the size in the binary image header.
I (470) cpu_start: Starting scheduler on PRO CPU.
I (0) cpu_start: Starting scheduler on APP CPU.
I (480) key test: --------------------------------------------------------
I (480) key test: --------------------------------------------------------
I (480) key test: ---------------------- BEGIN MAIN ----------------------
I (490) key test: --------------------------------------------------------
I (500) key test: --------------------------------------------------------
I (510) Version Info: Extended Version and Platform Information.
I (510) Version Info: LIBWOLFSSL_VERSION_STRING = 5.6.0
I (520) Version Info: LIBWOLFSSL_VERSION_HEX = 5006000
I (530) Version Info: LIBWOLFSSL_VERSION_GIT_ORIGIN = https://github.com/gojimmypi/wolfssl.g
it
I (530) Version Info: LIBWOLFSSL_VERSION_GIT_BRANCH = ED25519_SHA2_fix
I (540) Version Info: LIBWOLFSSL_VERSION_GIT_HASH = 9e446a0feea9c2bcbbc456079d4c2eedfaafbcf0
I (550) Version Info: LIBWOLFSSL_VERSION_GIT_SHORT_HASH = 9e446a0fe
I (560) Version Info: LIBWOLFSSL_VERSION_GIT_HASH_DATE = 'Thu Apr 20 21:19:18 2023 +0200'
I (570) Version Info: CONFIG_IDF_TARGET = esp32
I (570) Version Info: CONFIG_ESP32_DEFAULT_CPU_FREQ_MHZ: 160 MHz
I (580) Version Info: Xthal_have_ccount: 1
I (580) Version Info: CONFIG_MAIN_TASK_STACK_SIZE: 55000
I (590) Version Info: CONFIG_ESP_MAIN_TASK_STACK_SIZE: 55000
I (600) Version Info: CONFIG_TIMER_TASK_STACK_SIZE: 3584
I (600) Version Info: CONFIG_TIMER_TASK_STACK_DEPTH: 2048
I (610) Version Info: Stack HWM: 53732
I (610) Version Info: ESP32WROOM32_CRYPT is enabled for ESP32.
I (620) Version Info: NOT SINGLE_THREADED
I (660) key test: ESP_WIFI_MODE_STA
I (670) wifi:wifi driver task: 3ffc95ac, prio:23, stack:6656, core=0
I (670) system_api: Base MAC address is not set
I (670) system_api: read default base MAC address from EFUSE
I (690) wifi:wifi firmware version: 0d470ef
I (690) wifi:wifi certification version: v7.0
I (690) wifi:config NVS flash: enabled
I (690) wifi:config nano formating: disabled
I (690) wifi:Init data frame dynamic rx buffer num: 32
I (700) wifi:Init management frame dynamic rx buffer num: 32
I (700) wifi:Init management short buffer num: 32
I (710) wifi:Init dynamic tx buffer num: 32
I (710) wifi:Init static rx buffer size: 1600
I (720) wifi:Init static rx buffer num: 10
I (720) wifi:Init dynamic rx buffer num: 32
I (720) wifi_init: rx ba win: 6
I (730) wifi_init: tcpip mbox: 32
I (730) wifi_init: udp mbox: 6
I (730) wifi_init: tcp mbox: 6
I (740) wifi_init: tcp tx win: 5744
I (740) wifi_init: tcp rx win: 5744
I (750) wifi_init: tcp mss: 1440
I (750) wifi_init: WiFi IRAM OP enabled
I (760) wifi_init: WiFi RX IRAM OP enabled
W (760) key test: Warning test
E (760) key test: Error test
I (770) key test: Generating an RSA key 2048 bits long
I (132980) key test:

Cert PEM:

-----BEGIN RSA PRIVATE KEY-----
MIIEpAIBAAKCAQEAtwikWH7HZ15o90lBc6S/XkpOiJAX5cVGDV+dgCvmvElEfAvY
QCEtHp6aD9k699lgGE1x2fxocrmebyPgSw4E/V5tORMvVGweHms+wygYHmKmGc0x
u3Wd5ZBcPO7WqeI5fEyElSKr3RLodpe3lDzVQDes+nqfK3tGVeaWhFAzl1Bhcvi0
3SNAWO4Rb2Fm7KBcpaER8bThxG7WEEuwvidoWT11tRPMOKbixIsJ92jIY6gJPMwW
y1hicpehKA9n4hncv9LaKLls1eBBtIFFWyoCZNkJNNObBEO2EcUZhnwP8io3PsRx
+Ra65F2rbLE5n2ftn+KXfKsBU7XaHVfGgV8t0wIDAQABAoIBAGyN9pL51iALkWug
ie4hdtJgdcVu2I2Q++QwokQDRZzEQ5bim4YlZxIy9KKTrvKSfPjM7cpgdj4csset
2ngJP5JZ76ObKkYCvbZC2v16CRv0XBkPZwCMWHJvtRT6flxRbNC4vSWKY64Badf0
UY/cqImmu7PvB/oM6gFGelzNCFwj8nGKsTxrUk29Fl4p6Kor1EVJQhfjzeA3PSRF
g8Ot/+IazBbeKjFwPXYYuwGADh4Cugg8oBX+O1fvxpxhlzgtZi512daY65ydoOEo
yZrdL2UPvoqGndAFa3wVRFn8dgZjM81GWL/dTj4soNocwScddKNo5OgrF8Ad5IsA
qVJz27ECgYEA2jHYTCOMzrTWRS/FdkQmoMzCEdtyHoGOMSfclc56fdZpaGAL4HOm
N/EjmRGdwlkYr8WDlQoTldbBuQDlmx0JncthFNILa+oZ5zWeWyhhZnZoWOrN1sWv
wsUXaEDLWBNT7LzrlpjwYHKs7/FhMixmwz8WcXSKJThelcq3txNZP8sCgYEA1r82
YCfRUevcSLTr0aZOLshZb47PJKHCB288jkJ/sPrMbIga/olLrbBHSVAZ1j6cp0M/
am3WxH5PCX99ZRdIJb5kG+sMl/WZkguXEcVNW/9OfS2iheov5UzsfvBJt1g03+SR
KmwM/uEVg7zSYcYKKEjaX2rIjw2cZ5zI5+ljeRkCgYBVK8vQvLfEIFbbnvAnYCbr
8cF3kv+S5OOKUJMMbxLleAKhWYyJStuBTsGkiHnaWUkHo8PfM5W9kZ0BCFaYG9eb
Hr6AkBUhRLpjxExSLQsIIgRNYSqEQZqAHssqSNCXSsQhzwTvPjfmjhzvdHuKSEa8
xC2Qj/s02DIjqoPYFNdrzQKBgQCZQKhbgs78+aehM4w/d8G/3TcGSBJIADBqAdZj
Z82czb7pjVBGalDZyT12cnWd0d0V+QXevDhSzhk1nAgvBqh0VyU2T04TfDB2a1MK
WZXVm6O17cVYcEJyD62PAYh6EbbaOVHnxmiX1KX3997j6+L/0M4W3iv2+y2tO9Sc
vJBCsQKBgQCaFHn5vbzGJ1R1SSLoGk6Z8PwBIqf0mIaL6vWX660DvQ51H+haD21G
tUA00UeAgxjTsLrcx8qX08wjURkIIc9RPGAo8sU5NquFpubAAqXUO9nhbm409lEZ
xOjZ7SVRbPKXseKHiACBikxbcmeaZV3XGzZs08CF495//SJq+Kh7Kw==
-----END RSA PRIVATE KEY-----



I (134530) key test:

Request pem: (paste into file for CA sign)

-----BEGIN CERTIFICATE REQUEST-----
MIICxDCCAawCAQAwfzELMAkGA1UEBhMCTloxEDAOBgNVBAgMB1dhaWthdG8xETAP
BgNVBAcMCEhhbWlsdG9uMSAwHgYDVQQKDBdCbHVlIExlYWYgU29mdHdhcmUsIEx0
ZDEpMCcGA1UEAwwgTHVtb3MgSFcsIHNlcmlhbE51bWJlciA9IEJMUy0wMDIwggEi
MA0GCSqGSIb3DQEBAQUAA4IBDwAwggEKAoIBAQC3CKRYfsdnXmj3SUFzpL9eSk6I
kBflxUYNX52AK+a8SUR8C9hAIS0enpoP2Tr32WAYTXHZ/GhyuZ5vI+BLDgT9Xm05
Ey9UbB4eaz7DKBgeYqYZzTG7dZ3lkFw87tap4jl8TISVIqvdEuh2l7eUPNVAN6z6
ep8re0ZV5paEUDOXUGFy+LTdI0BY7hFvYWbsoFyloRHxtOHEbtYQS7C+J2hZPXW1
E8w4puLEiwn3aMhjqAk8zBbLWGJyl6EoD2fiGdy/0toouWzV4EG0gUVbKgJk2Qk0
05sEQ7YRxRmGfA/yKjc+xHH5FrrkXatssTmfZ+2f4pd8qwFTtdodV8aBXy3TAgMB
AAGgADANBgkqhkiG9w0BAQsFAAOCAQEAho6+C4iqLE+VN3mMfaWV3zFlt4O8C6xd
WFgb4Vtvhwfst5y4NJZ3DHmtix98fIB7C1ZlN/DjP+c38LA6MkYoEEEeSxKIBHWe
zaeYgi5ak+FWWk7x5X/6+cywrn6QZ/yw1PVEOUy6U/08N41d8IsU+Dfn4p1iX4kl
GJxP3WyDXShebwXWyA9qwqxHGJLR0+XX2fsfgVjne+D8Gmll/RUC8fXLpwff2DXV
L52VfNPccRFGwrL56gE8wD27GxjWxEke9HZPRKjctnJMKzNz4IXDiybv4uHcgZNl
JnGQCYrctXc4Rj+aD+Yrh8BFO6VxWG7ufYOFAvhhvhmo85vq/kFphw==
-----END CERTIFICATE REQUEST-----



I (134620) key test: openssl x509 -req -in ./output/test_request.crt -days 10    \
     -CA private/CertificateAuthority-4096-PublicKey.crt                 \
     -CAkey private/CertificateAuthority-4096-PrivateKey.pem             \
     -passin pass:secret -CAcreateserial                                 \
     -extfile private/CertificateExtensions.txt -extensions LumosDevice  \
     -out ./output/test-Device-Certificate_hw.crt -text

I (134660) key test: ESP32WROOM32_CRYPT is enabled for ESP32.
I (134660) key test: Done!
