ets Jun  8 2016 00:22:57

rst:0x3 (SW_RESET),boot:0x13 (SPI_FAST_FLASH_BOOT)
configsip: 0, SPIWP:0xee
clk_drv:0x00,q_drv:0x00,d_drv:0x00,cs0_drv:0x00,hd_drv:0x00,wp_drv:0x00
mode:DIO, clock div:1
load:0x3fff0030,len:7000
load:0x40078000,len:15456
load:0x40080400,len:3840
entry 0x4008064c
I (26) boot: ESP-IDF v5.0-dirty 2nd stage bootloader
I (27) boot: compile time 11:46:22
I (27) boot: chip revision: v1.0
I (30) boot_comm: chip revision: 1, min. bootloader chip revision: 0
I (37) boot.esp32: SPI Speed      : 80MHz
I (42) boot.esp32: SPI Mode       : DIO
I (46) boot.esp32: SPI Flash Size : 2MB
I (51) boot: Enabling RNG early entropy source...
I (56) boot: Partition Table:
I (60) boot: ## Label            Usage          Type ST Offset   Length
I (67) boot:  0 nvs              WiFi data        01 02 00009000 00006000
I (74) boot:  1 phy_init         RF data          01 01 0000f000 00001000
I (82) boot:  2 factory          factory app      00 00 00010000 00177000
I (89) boot: End of partition table
I (93) boot_comm: chip revision: 1, min. application chip revision: 0
I (101) esp_image: segment 0: paddr=00010020 vaddr=3f400020 size=22f20h (143136) map
I (152) esp_image: segment 1: paddr=00032f48 vaddr=3ffb0000 size=03a4ch ( 14924) load
I (157) esp_image: segment 2: paddr=0003699c vaddr=40080000 size=0967ch ( 38524) load
I (172) esp_image: segment 3: paddr=00040020 vaddr=400d0020 size=7a828h (501800) map
I (323) esp_image: segment 4: paddr=000ba850 vaddr=4008967c size=0ab40h ( 43840) load
I (339) esp_image: segment 5: paddr=000c5398 vaddr=50000000 size=00010h (    16) load
I (349) boot: Loaded app from partition at offset 0x10000
I (349) boot: Disabling RNG early entropy source...
I (361) cpu_start: Pro cpu up.
I (361) cpu_start: Starting app cpu, entry point is 0x400812d0
I (348) cpu_start: App cpu up.
I (375) cpu_start: Pro cpu start user code
I (376) cpu_start: cpu freq: 160000000 Hz
I (376) cpu_start: Application information:
I (380) cpu_start: Project name:     key_test
I (385) cpu_start: App version:      v5.6.0-stable-528-gb66430156
I (392) cpu_start: Compile time:     Apr 20 2023 13:59:43
I (398) cpu_start: ELF file SHA256:  4d623e897289c2c8...
I (404) cpu_start: ESP-IDF:          v5.0-dirty
I (410) heap_init: Initializing. RAM available for dynamic allocation:
I (417) heap_init: At 3FFAE6E0 len 00001920 (6 KiB): DRAM
I (423) heap_init: At 3FFB69E0 len 00029620 (165 KiB): DRAM
I (429) heap_init: At 3FFE0440 len 00003AE0 (14 KiB): D/IRAM
I (435) heap_init: At 3FFE4350 len 0001BCB0 (111 KiB): D/IRAM
I (442) heap_init: At 400941BC len 0000BE44 (47 KiB): IRAM
I (449) spi_flash: detected chip: generic
I (453) spi_flash: flash io: dio
W (457) spi_flash: Detected size(4096k) larger than the size in the binary image header(2048
k). Using the size in the binary image header.
I (471) cpu_start: Starting scheduler on PRO CPU.
I (0) cpu_start: Starting scheduler on APP CPU.
I (480) key test: --------------------------------------------------------
I (480) key test: --------------------------------------------------------
I (480) key test: ---------------------- BEGIN MAIN ----------------------
I (490) key test: --------------------------------------------------------
I (500) key test: --------------------------------------------------------
I (510) Version Info: Extended Version and Platform Information.
I (510) Version Info: LIBWOLFSSL_VERSION_STRING = 5.6.0
I (520) Version Info: LIBWOLFSSL_VERSION_HEX = 5006000
I (530) Version Info: LIBWOLFSSL_VERSION_GIT_ORIGIN = https://github.com/gojimmypi/wolfssl.g
it
I (530) Version Info: LIBWOLFSSL_VERSION_GIT_BRANCH = ED25519_SHA2_fix
I (540) Version Info: LIBWOLFSSL_VERSION_GIT_HASH = b6643015611c2a6d0bebaab72d420bcccaf04d5e
I (550) Version Info: LIBWOLFSSL_VERSION_GIT_SHORT_HASH = b66430156
I (560) Version Info: LIBWOLFSSL_VERSION_GIT_HASH_DATE = 'Thu Apr 20 13:58:57 2023 +0200'
I (570) Version Info: CONFIG_IDF_TARGET = esp32
I (570) Version Info: CONFIG_ESP32_DEFAULT_CPU_FREQ_MHZ: 160 MHz
I (580) Version Info: Xthal_have_ccount: 1
I (580) Version Info: CONFIG_MAIN_TASK_STACK_SIZE: 55000
I (590) Version Info: CONFIG_ESP_MAIN_TASK_STACK_SIZE: 55000
I (600) Version Info: CONFIG_TIMER_TASK_STACK_SIZE: 3584
I (600) Version Info: CONFIG_TIMER_TASK_STACK_DEPTH: 2048
I (610) Version Info: Stack HWM: 53724
I (610) Version Info: ESP32WROOM32_CRYPT is enabled for ESP32.
I (620) Version Info: NOT SINGLE_THREADED
I (660) key test: ESP_WIFI_MODE_STA
I (670) wifi:wifi driver task: 3ffc95b4, prio:23, stack:6656, core=0
I (670) system_api: Base MAC address is not set
I (670) system_api: read default base MAC address from EFUSE
I (690) wifi:wifi firmware version: 0d470ef
I (690) wifi:wifi certification version: v7.0
I (690) wifi:config NVS flash: enabled
I (690) wifi:config nano formating: disabled
I (690) wifi:Init data frame dynamic rx buffer num: 32
I (700) wifi:Init management frame dynamic rx buffer num: 32
I (700) wifi:Init management short buffer num: 32
I (710) wifi:Init dynamic tx buffer num: 32
I (710) wifi:Init static rx buffer size: 1600
I (720) wifi:Init static rx buffer num: 10
I (720) wifi:Init dynamic rx buffer num: 32
I (720) wifi_init: rx ba win: 6
I (730) wifi_init: tcpip mbox: 32
I (730) wifi_init: udp mbox: 6
I (730) wifi_init: tcp mbox: 6
I (740) wifi_init: tcp tx win: 5744
I (740) wifi_init: tcp rx win: 5744
I (750) wifi_init: tcp mss: 1440
I (750) wifi_init: WiFi IRAM OP enabled
I (760) wifi_init: WiFi RX IRAM OP enabled
W (760) key test: Warning test
E (760) key test: Error test
I (770) key test: Generating an RSA key 2048 bits long
I (14050) key test:

Cert PEM:

-----BEGIN RSA PRIVATE KEY-----
MIIEogIBAAKCAQEAoZWavrNt77+RjKp4uN/xKl0oT7LTX4u+vlLIBWXoMD/DpqSb
fwL3e+o7pGFd6gRuUHk+oXVEBGXpgdqTdh40srcbouqakIKCe5MELuREcinEFxEB
zRr40zoi6YZPbgR/NDwpX1iGzA+hH2BdOCn9/TXREB1tDpp8Fc3uqfQUNccXUaZr
lxwBYMjhdxSVz68ZFDku72B6IYJuHwFHgqOeiV1tv5G+D4FdhU+df3DfGAx5PCGi
cR+De4tU4xExrL15kJUVdGz+pfDHjm/tbyMe/pMOe9ftBBN8S+J/NyKoyt0yhCqc
1FOE0FbsYYHyOItGlVNsOhMgkiIcq3/Dy6JGAQIDAQABAoIBAFHsMq+a8xMJkja6
O0ioKXJsFsMJjEc157hA6i5qc2T6/ywe6sNjcqw9no2B3AaIxpFAV3Ouq5R7Qv9W
HUtWlytA0N8xiLnZoWQbrpRDoTwsVsHHGp2tnhghso+pS94go4mNMwCnNniBOBRb
XAfcqmxVe7Bq6t7rjhvT87vxBsoYXsgOpi6xCkxZMCLOvYavqpZtpJ6bhyBIYRLw
aaQ8t5xy9xkABgTWDY/UL23TROWFEK7BYkH1RkGpJHt0ynoCbRIwNQz+cUdYLS5K
erVDX4Gw7f3Mt1yVZA++WHZREBhmJ18zNBXZskizIf1ZlRmX6c05iLcW5OJQ2USX
+6TL5QECgYEA2j1hldc3OaXPdXB+GkCA5bfLOOslUxj0XtvSkc/J2JukmC49EZ/l
bPumidsVygNzdRMEGL/4tLoDcELo0c5Puf+X+CWSIO+Z33DMyuPKBryMuIlqdyOW
4jkXR3DnZOC2kWe+V3o6NTTtbs7VERsNV2LfdWtClkK8L2YBp2DGixECgYEAvYrB
F7DAoWG2iOkEw26YqQ4yCslAWujoiB8m8GcK5hIhIHy+QchXmsllCR4TNV85fFKU
tlB0fcIdAaD09l0pfDFbfGtjjv8JT1Kb3KCUyqYyQRfANNUh0FfqiQ9rwy7ZxydM
IA29kFZ/xkj4CrAQT4LNKww9DzhfCNHSZbKFq/ECgYBUed4EOkJONjiPpPOrBbzf
Lr2jUqIoAEjXTw+7EUt4ZQbZQUyyPcp43RAh3IQapitS7gFv8x86FaavFbc5Pzrt
LFqO2zwtM5HEQ82B25qf8OwnoklrxILrHl48cR+glLsWnam4Ar/1SH9/nOAstuP7
J3KH6PTlZP+i+UE6oOM5gQKBgA5N9HinPEJxr2bxvwxIwnivu5MY0SSLQ1FSmIu4
Gxh18c4T2//28LWb0WY4wNZcU2hQiyyfMctz5OCElzgom8LlrrPbHu5hzQARifXC
oLgShuRmuHjERQMGP4sMgOOAG6tuCc65er7z6Dy8sQuNcg2uH3HKQKlvZayyuSA3
suLhAoGAThndTiZJydurkncS7tzq9hko5LeCiPiNg+AGNRSsW/l7EAEAdsIaOfrj
RbcR5ErvU2IF2yEC205R012Z7BXGG1tc0J5jTHKwdLxbgHh/dKu47ikPR17tkhL4
E8BY7dcJoQgyTc2hMJVleMxXLAWHyx7RjITffpVBo6hDasBFVYc=
-----END RSA PRIVATE KEY-----



I (14550) key test:

Request pem: (paste into file for CA sign)

-----BEGIN CERTIFICATE REQUEST-----
MIICxDCCAawCAQAwfzELMAkGA1UEBhMCTloxEDAOBgNVBAgMB1dhaWthdG8xETAP
BgNVBAcMCEhhbWlsdG9uMSAwHgYDVQQKDBdCbHVlIExlYWYgU29mdHdhcmUsIEx0
ZDEpMCcGA1UEAwwgTHVtb3MgSFcsIHNlcmlhbE51bWJlciA9IEJMUy0wMDIwggEi
MA0GCSqGSIb3DQEBAQUAA4IBDwAwggEKAoIBAQChlZq+s23vv5GMqni43/EqXShP
stNfi76+UsgFZegwP8OmpJt/Avd76jukYV3qBG5QeT6hdUQEZemB2pN2HjSytxui
6pqQgoJ7kwQu5ERyKcQXEQHNGvjTOiLphk9uBH80PClfWIbMD6EfYF04Kf39NdEQ
HW0OmnwVze6p9BQ1xxdRpmuXHAFgyOF3FJXPrxkUOS7vYHohgm4fAUeCo56JXW2/
kb4PgV2FT51/cN8YDHk8IaJxH4N7i1TjETGsvXmQlRV0bP6l8MeOb+1vIx7+kw57
1+0EE3xL4n83IqjK3TKEKpzUU4TQVuxhgfI4i0aVU2w6EyCSIhyrf8PLokYBAgMB
AAGgADANBgkqhkiG9w0BAQsFAAOCAQEATFXQI2t2A9YUHe2L9eFA9PxOs9jtzPqy
Qrq204eiFW5+yxNEp61AC/NjYwgnvnolQoC7TAs6Z5sQE8Ky25librk2Na8U4swd
rOVSc8yTgH6M3efDxpbQBh7pytXqayfJw4EolybiRzK42Xgw0qNe8eHUcH0fbn4b
tFRrBlCQN8md2cwQgcivEEk1plm38ZNSUb0vtplE+cWHE8QGzIV8UkBm/Bmz7Zyq
WfFsT3GXTHpex/YAuXTQxD/8HZ+KIsSRnOm8TDTudZ2WQ9rUbK15/KWRtVRlujmL
yifUCJQ3pPW3923vyfEGzc/LbHvJtir+7LiWNKV+Uv9M0RrIZMawGA==
-----END CERTIFICATE REQUEST-----



I (14630) key test: openssl x509 -req -in ./output/test_request.crt -days 10    \
     -CA private/CertificateAuthority-4096-PublicKey.crt                 \
     -CAkey private/CertificateAuthority-4096-PrivateKey.pem             \
     -passin pass:secret -CAcreateserial                                 \
     -extfile private/CertificateExtensions.txt -extensions LumosDevice  \
     -out ./output/test-Device-Certificate_hw.crt -text

I (14680) key test: ESP32WROOM32_CRYPT is enabled for ESP32.
I (14680) key test: Done!
