ets Jun  8 2016 00:22:57

rst:0x3 (SW_RESET),boot:0x13 (SPI_FAST_FLASH_BOOT)
configsip: 0, SPIWP:0xee
clk_drv:0x00,q_drv:0x00,d_drv:0x00,cs0_drv:0x00,hd_drv:0x00,wp_drv:0x00
mode:DIO, clock div:1
load:0x3fff0030,len:7000
load:0x40078000,len:15456
load:0x40080400,len:3840
entry 0x4008064c
I (26) boot: ESP-IDF v5.0-dirty 2nd stage bootloader
I (26) boot: compile time 18:49:35
I (27) boot: chip revision: v1.0
I (30) boot_comm: chip revision: 1, min. bootloader chip revision: 0
I (37) boot.esp32: SPI Speed      : 80MHz
I (41) boot.esp32: SPI Mode       : DIO
I (46) boot.esp32: SPI Flash Size : 2MB
I (51) boot: Enabling RNG early entropy source...
I (56) boot: Partition Table:
I (60) boot: ## Label            Usage          Type ST Offset   Length
I (67) boot:  0 nvs              WiFi data        01 02 00009000 00006000
I (74) boot:  1 phy_init         RF data          01 01 0000f000 00001000
I (82) boot:  2 factory          factory app      00 00 00010000 00177000
I (89) boot: End of partition table
I (93) boot_comm: chip revision: 1, min. application chip revision: 0
I (100) esp_image: segment 0: paddr=00010020 vaddr=3f400020 size=22ab8h (142008) map
I (152) esp_image: segment 1: paddr=00032ae0 vaddr=3ffb0000 size=03a4ch ( 14924) load
I (157) esp_image: segment 2: paddr=00036534 vaddr=40080000 size=09ae4h ( 39652) load
I (172) esp_image: segment 3: paddr=00040020 vaddr=400d0020 size=7a5dch (501212) map
I (323) esp_image: segment 4: paddr=000ba604 vaddr=40089ae4 size=0a6d8h ( 42712) load
I (338) esp_image: segment 5: paddr=000c4ce4 vaddr=50000000 size=00010h (    16) load
I (349) boot: Loaded app from partition at offset 0x10000
I (349) boot: Disabling RNG early entropy source...
I (361) cpu_start: Pro cpu up.
I (361) cpu_start: Starting app cpu, entry point is 0x400812d0
I (348) cpu_start: App cpu up.
I (375) cpu_start: Pro cpu start user code
I (375) cpu_start: cpu freq: 160000000 Hz
I (375) cpu_start: Application information:
I (380) cpu_start: Project name:     key_test
I (385) cpu_start: App version:      v5.6.0-stable-531-g8ec41f24d
I (392) cpu_start: Compile time:     Apr 20 2023 18:49:15
I (398) cpu_start: ELF file SHA256:  a420d1cb0c0bb602...
I (404) cpu_start: ESP-IDF:          v5.0-dirty
I (409) heap_init: Initializing. RAM available for dynamic allocation:
I (416) heap_init: At 3FFAE6E0 len 00001920 (6 KiB): DRAM
I (422) heap_init: At 3FFB69D8 len 00029628 (165 KiB): DRAM
I (428) heap_init: At 3FFE0440 len 00003AE0 (14 KiB): D/IRAM
I (435) heap_init: At 3FFE4350 len 0001BCB0 (111 KiB): D/IRAM
I (441) heap_init: At 400941BC len 0000BE44 (47 KiB): IRAM
I (448) spi_flash: detected chip: generic
I (452) spi_flash: flash io: dio
W (456) spi_flash: Detected size(4096k) larger than the size in the binary image header(2048
k). Using the size in the binary image header.
I (470) cpu_start: Starting scheduler on PRO CPU.
I (0) cpu_start: Starting scheduler on APP CPU.
I (480) key test: --------------------------------------------------------
I (480) key test: --------------------------------------------------------
I (480) key test: ---------------------- BEGIN MAIN ----------------------
I (490) key test: --------------------------------------------------------
I (500) key test: --------------------------------------------------------
I (510) Version Info: Extended Version and Platform Information.
I (510) Version Info: LIBWOLFSSL_VERSION_STRING = 5.6.0
I (520) Version Info: LIBWOLFSSL_VERSION_HEX = 5006000
I (530) Version Info: LIBWOLFSSL_VERSION_GIT_ORIGIN = https://github.com/gojimmypi/wolfssl.g
it
I (530) Version Info: LIBWOLFSSL_VERSION_GIT_BRANCH = ED25519_SHA2_fix
I (540) Version Info: LIBWOLFSSL_VERSION_GIT_HASH = 8ec41f24d5224b7fa5d918685e9fe3e492678d24
I (550) Version Info: LIBWOLFSSL_VERSION_GIT_SHORT_HASH = 8ec41f24d
I (560) Version Info: LIBWOLFSSL_VERSION_GIT_HASH_DATE = 'Thu Apr 20 18:48:28 2023 +0200'
I (570) Version Info: CONFIG_IDF_TARGET = esp32
I (570) Version Info: CONFIG_ESP32_DEFAULT_CPU_FREQ_MHZ: 160 MHz
I (580) Version Info: Xthal_have_ccount: 1
I (580) Version Info: CONFIG_MAIN_TASK_STACK_SIZE: 55000
I (590) Version Info: CONFIG_ESP_MAIN_TASK_STACK_SIZE: 55000
I (600) Version Info: CONFIG_TIMER_TASK_STACK_SIZE: 3584
I (600) Version Info: CONFIG_TIMER_TASK_STACK_DEPTH: 2048
I (610) Version Info: Stack HWM: 53732
I (610) Version Info: ESP32WROOM32_CRYPT is enabled for ESP32.
I (620) Version Info: NOT SINGLE_THREADED
I (660) key test: ESP_WIFI_MODE_STA
I (670) wifi:wifi driver task: 3ffc95ac, prio:23, stack:6656, core=0
I (670) system_api: Base MAC address is not set
I (670) system_api: read default base MAC address from EFUSE
I (690) wifi:wifi firmware version: 0d470ef
I (690) wifi:wifi certification version: v7.0
I (690) wifi:config NVS flash: enabled
I (690) wifi:config nano formating: disabled
I (690) wifi:Init data frame dynamic rx buffer num: 32
I (700) wifi:Init management frame dynamic rx buffer num: 32
I (700) wifi:Init management short buffer num: 32
I (710) wifi:Init dynamic tx buffer num: 32
I (710) wifi:Init static rx buffer size: 1600
I (720) wifi:Init static rx buffer num: 10
I (720) wifi:Init dynamic rx buffer num: 32
I (720) wifi_init: rx ba win: 6
I (730) wifi_init: tcpip mbox: 32
I (730) wifi_init: udp mbox: 6
I (730) wifi_init: tcp mbox: 6
I (740) wifi_init: tcp tx win: 5744
I (740) wifi_init: tcp rx win: 5744
I (750) wifi_init: tcp mss: 1440
I (750) wifi_init: WiFi IRAM OP enabled
I (760) wifi_init: WiFi RX IRAM OP enabled
W (760) key test: Warning test
E (760) key test: Error test
I (770) key test: Generating an RSA key 2048 bits long
I (49300) key test:

Cert PEM:

-----BEGIN RSA PRIVATE KEY-----
MIIEpQIBAAKCAQEAr8DrOiSK/K1YG96aXqipJc+rm1NJC308lyx3kp04pmjY7+4g
U8P1GIQS9ownQmvzDJOnXGs8Xyv+XaBnPEiH+EBFxSXG6Xi1HtJISUh2DPpsN/+p
9XBGUK9Kmf4izXygX39yDDLtYKHrxNL0F/cwlMBVnpqdP4CkbIdBY1KWqHKgmOgI
nZf9fsddpjQ4GOVHcIWxB52zdVvu8OBgE7H8lUZU8et6y/8G5mEj/+u95UNe/L9P
6Mmmh5kVPPPVz6FIOH9NYJNdYbORHXzeXogssdhUJz59Ru7CFmHdxypmaoL2kAjT
p8+Oi+Nd4bpQy+7K4fMPvMFGggplg/kfFSKKPwIDAQABAoIBAQCUqv8PnsvG86bd
ZE52lfsHFgUWjbvzMQvo4N+AsOeztGsVgfvsf407ILWdwm6PPBtLXzcp8TgPVXqE
nmPVVZFWyJ98Jfl9kvK60Kv++YGKdubF88lD6aZBKBZV7uhno+1Q+tBxSz8LB80V
IFEEWL/KhGuojydHCT2M5FjGeJ0ifPMO9Z42/wylOpzsWMaTKq4at09UIFJAVVEU
xSOhQVaoZzgxGY9bpoVN5oHI4KZwsN7JlULbKCehZ+CekqT4riaSqmsdU9DtfE0G
Qxj8J7T/ZqmH8uuUs5mpkjnad/NjGNhpA8kD3fktJ75SoLhlJJ1jsHQ/8Vt0KF4y
zquxLWJJAoGBAO0lFt5wT4S+Cn2ji+ujugBjPsWeP980U6LdL+sQ67y/brwPb9Eo
DbOt81JQbsiSFhMxvVdFQsevunoqZb65+eh0DbdhURQupzpeToBrKHIh2WI+xurR
A/u72F6pbrpGOlwBcdU+uTtey7wrZfW8eNwLEJUwUyzSrH5HN69Xmgv1AoGBAL26
QTKdkKQkFcqHPyQobthA/GDCLJGXn7EOHVEIBAzt5atwEU+06yDM/ahP9z4DUtUX
9GzQFZ+KAps+8fxXUbKncZBYlRjEFbAKJsPONyoxqfaAASduAq80HMkh7VCl4MTZ
Ey1Pn9laF/r9+t2/DfbRUPc8737SqXHyl+3MnDDjAoGBALUOACvMK6n5PiE2YHmE
A1qQaziN3c4YMVLC9PbPcGwm6/CBCKnznqJ0SLWr2yke/+OfsiOTKa0zqXfkLtIz
Q24KTP6ZOkHibKLPpbe+GJ8q4MF1lIFrG1Ny03tSeMuXGq9sGvDodpuxgHMl3y6C
uvOlLv/4aUhrgG7ZCNbCV0aRAoGAa5johrsDH4NzdENVVL01d6ELQBh+zCbQIspd
Z+oC2g5EtQA+YRS6UATRShXnopyh6kXGkbtEuBC9v6tn8vLWW1pItlL2Y3A42Hg5
WcxmTqCRwkD/5oumLBSCyrJZ8uXP3fM5w/WnMs28UdSd5AoI8lPs9fnx3Nu9yuiI
rwzd+38CgYEAl0K9r6zs9uk9zsoAqXDLsrlPRpQRUavzg+vK+/J0UuO8/44JHuXI
Xa4x5ty4nQSu1Y+KUeFOoszewRg+KCQAnA0h7XnQ4k3wR2t8bJPadrVXLVEnTcvf
JmmGvVz4pBK29+TD2eazAQqIf06zuAwlDleBlmrRYiDc2m08z1lcEzQ=
-----END RSA PRIVATE KEY-----



I (50840) key test:

Request pem: (paste into file for CA sign)

-----BEGIN CERTIFICATE REQUEST-----
MIICxDCCAawCAQAwfzELMAkGA1UEBhMCTloxEDAOBgNVBAgMB1dhaWthdG8xETAP
BgNVBAcMCEhhbWlsdG9uMSAwHgYDVQQKDBdCbHVlIExlYWYgU29mdHdhcmUsIEx0
ZDEpMCcGA1UEAwwgTHVtb3MgSFcsIHNlcmlhbE51bWJlciA9IEJMUy0wMDIwggEi
MA0GCSqGSIb3DQEBAQUAA4IBDwAwggEKAoIBAQCvwOs6JIr8rVgb3ppeqKklz6ub
U0kLfTyXLHeSnTimaNjv7iBTw/UYhBL2jCdCa/MMk6dcazxfK/5doGc8SIf4QEXF
JcbpeLUe0khJSHYM+mw3/6n1cEZQr0qZ/iLNfKBff3IMMu1goevE0vQX9zCUwFWe
mp0/gKRsh0FjUpaocqCY6Aidl/1+x12mNDgY5UdwhbEHnbN1W+7w4GATsfyVRlTx
63rL/wbmYSP/673lQ178v0/oyaaHmRU889XPoUg4f01gk11hs5EdfN5eiCyx2FQn
Pn1G7sIWYd3HKmZqgvaQCNOnz46L413hulDL7srh8w+8wUaCCmWD+R8VIoo/AgMB
AAGgADANBgkqhkiG9w0BAQsFAAOCAQEArrfcETmLMGpSbp449fV0whUngSK+qs+4
SKP0aKQzWBhgGyrZQUe/22CQ5mFrfacsXCrpjDdl9sobl3THBudXXPlc0ZEfbarr
qxdRjtd1Jjq9AC2MowSjtKcS4dEGpotpV9hpdR5wCiHeMJAhBjURffJjMp5ra+WF
YHUsT1R0rtEtgbEl+jtEwKNdg9qpYrfJJk4XFedlHFk/95tzYwTYZuQaxfFpopFK
djXAsH9nGkW1tK3PEx9QdAAmblzFO7CQBlFM99I8FyMoL8ly2PCLBGw9HHlGQpW+
5cxST3Y19jBrOxOLBQ+Qy/MxYvkvuZA+gMpsMk7Q1YxtdOOdbGkFJQ==
-----END CERTIFICATE REQUEST-----



I (50930) key test: openssl x509 -req -in ./output/test_request.crt -days 10    \
     -CA private/CertificateAuthority-4096-PublicKey.crt                 \
     -CAkey private/CertificateAuthority-4096-PrivateKey.pem             \
     -passin pass:secret -CAcreateserial                                 \
     -extfile private/CertificateExtensions.txt -extensions LumosDevice  \
     -out ./output/test-Device-Certificate_hw.crt -text

I (50970) key test: ESP32WROOM32_CRYPT is enabled for ESP32.
I (50980) key test: Done!
