ets Jun  8 2016 00:22:57

rst:0x3 (SW_RESET),boot:0x13 (SPI_FAST_FLASH_BOOT)
configsip: 0, SPIWP:0xee
clk_drv:0x00,q_drv:0x00,d_drv:0x00,cs0_drv:0x00,hd_drv:0x00,wp_drv:0x00
mode:DIO, clock div:2
load:0x3fff0030,len:7000
load:0x40078000,len:15452
ho 0 tail 12 room 4
load:0x40080400,len:3840
entry 0x4008064c
I (28) boot: ESP-IDF v5.0-dirty 2nd stage bootloader
I (28) boot: compile time 13:58:16
I (28) boot: chip revision: v1.0
I (31) boot_comm: chip revision: 1, min. bootloader chip revision: 0
I (38) boot.esp32: SPI Speed      : 40MHz
I (43) boot.esp32: SPI Mode       : DIO
I (48) boot.esp32: SPI Flash Size : 2MB
I (52) boot: Enabling RNG early entropy source...
I (58) boot: Partition Table:
I (61) boot: ## Label            Usage          Type ST Offset   Length
I (68) boot:  0 nvs              WiFi data        01 02 00009000 00006000
I (76) boot:  1 phy_init         RF data          01 01 0000f000 00001000
I (83) boot:  2 factory          factory app      00 00 00010000 00177000
I (91) boot: End of partition table
I (95) boot_comm: chip revision: 1, min. application chip revision: 0
I (102) esp_image: segment 0: paddr=00010020 vaddr=3f400020 size=2386ch (145
516) map
I (163) esp_image: segment 1: paddr=00033894 vaddr=3ffb0000 size=03b08h ( 15
112) load
I (169) esp_image: segment 2: paddr=000373a4 vaddr=40080000 size=08c74h ( 35
956) load
I (184) esp_image: segment 3: paddr=00040020 vaddr=400d0020 size=7cfa8h (511
912) map
I (370) esp_image: segment 4: paddr=000bcfd0 vaddr=40088c74 size=0bd80h ( 48
512) load
I (390) esp_image: segment 5: paddr=000c8d58 vaddr=50000000 size=00010h (
 16) load
I (400) boot: Loaded app from partition at offset 0x10000
I (401) boot: Disabling RNG early entropy source...
I (412) cpu_start: Pro cpu up.
I (412) cpu_start: Starting app cpu, entry point is 0x40081300
I (399) cpu_start: App cpu up.
I (427) cpu_start: Pro cpu start user code
I (427) cpu_start: cpu freq: 160000000 Hz
I (427) cpu_start: Application information:
I (431) cpu_start: Project name:     key_test
I (436) cpu_start: App version:      v5.6.0-stable-751-g07bf7e3ad-di
I (443) cpu_start: Compile time:     May 11 2023 13:58:00
I (450) cpu_start: ELF file SHA256:  f9d68110064223ab...
I (456) cpu_start: ESP-IDF:          v5.0-dirty
I (461) heap_init: Initializing. RAM available for dynamic allocation:
I (468) heap_init: At 3FFAE6E0 len 00001920 (6 KiB): DRAM
I (474) heap_init: At 3FFB6A98 len 00029568 (165 KiB): DRAM
I (480) heap_init: At 3FFE0440 len 00003AE0 (14 KiB): D/IRAM
I (487) heap_init: At 3FFE4350 len 0001BCB0 (111 KiB): D/IRAM
I (493) heap_init: At 400949F4 len 0000B60C (45 KiB): IRAM
I (501) spi_flash: detected chip: generic
I (504) spi_flash: flash io: dio
W (508) spi_flash: Detected size(4096k) larger than the size in the binary i
mage header(2048k). Using the size in the binary image header.
I (522) cpu_start: Starting scheduler on PRO CPU.
I (0) cpu_start: Starting scheduler on APP CPU.
I (532) key test: --------------------------------------------------------
I (542) key test: --------------------------------------------------------
I (552) key test: ---------------------- BEGIN MAIN ----------------------
I (552) key test: --------------------------------------------------------
I (562) key test: --------------------------------------------------------
I (572) Version Info: Extended Version and Platform Information.
I (572) Version Info: LIBWOLFSSL_VERSION_STRING = 5.6.0
I (582) Version Info: LIBWOLFSSL_VERSION_HEX = 5006000
I (592) Version Info: LIBWOLFSSL_VERSION_GIT_TAG = v5.6.0-stable
I (592) Version Info: LIBWOLFSSL_VERSION_GIT_ORIGIN = https://github.com/goj
immypi/wolfssl.git
I (602) Version Info: LIBWOLFSSL_VERSION_GIT_BRANCH = ED25519_SHA2_fix
I (612) Version Info: LIBWOLFSSL_VERSION_GIT_HASH = 07bf7e3ad72576e764c834d2
45a82d3f8ab693e0
I (622) Version Info: LIBWOLFSSL_VERSION_GIT_SHORT_HASH = 07bf7e3ad
I (632) Version Info: LIBWOLFSSL_VERSION_GIT_HASH_DATE = 'Thu May 11 12:55:2
3 2023 -0700'
I (632) Version Info: CONFIG_IDF_TARGET = esp32
I (642) Version Info: CONFIG_ESP32_DEFAULT_CPU_FREQ_MHZ: 160 MHz
I (652) Version Info: Xthal_have_ccount: 1
I (652) Version Info: CONFIG_MAIN_TASK_STACK_SIZE: 55000
I (662) Version Info: CONFIG_ESP_MAIN_TASK_STACK_SIZE: 55000
I (662) Version Info: CONFIG_TIMER_TASK_STACK_SIZE: 3584
I (672) Version Info: CONFIG_TIMER_TASK_STACK_DEPTH: 2048
I (682) Version Info: Stack HWM: 53628
I (682) Version Info: ESP32WROOM32_CRYPT is enabled for ESP32.
I (692) Version Info: NOT SINGLE_THREADED
I (722) key test: ESP_WIFI_MODE_STA
I (732) wifi:wifi driver task: 3ffc94e8, prio:23, stack:6656, core=0
I (732) system_api: Base MAC address is not set
I (732) system_api: read default base MAC address from EFUSE
I (752) wifi:wifi firmware version: 0d470ef
I (752) wifi:wifi certification version: v7.0
I (752) wifi:config NVS flash: enabled
I (752) wifi:config nano formating: disabled
I (752) wifi:Init data frame dynamic rx buffer num: 32
I (762) wifi:Init management frame dynamic rx buffer num: 32
I (762) wifi:Init management short buffer num: 32
I (772) wifi:Init dynamic tx buffer num: 32
I (772) wifi:Init static rx buffer size: 1600
I (772) wifi:Init static rx buffer num: 10
I (782) wifi:Init dynamic rx buffer num: 32
I (782) wifi_init: rx ba win: 6
I (792) wifi_init: tcpip mbox: 32
I (792) wifi_init: udp mbox: 6
I (792) wifi_init: tcp mbox: 6
I (802) wifi_init: tcp tx win: 5744
I (802) wifi_init: tcp rx win: 5744
I (812) wifi_init: tcp mss: 1440
I (812) wifi_init: WiFi IRAM OP enabled
I (812) wifi_init: WiFi RX IRAM OP enabled
W (822) key test: Warning test
E (822) key test: Error test
I (832) key test: 0x3ffc1668   a5 a5 a5 a5 00 00 00 00  94 e2 fc 3f 01 a5 a5
 a5  |...........?....|
I (842) key test: Generating an RSA key 512 bits long
I (842) key test: 0x3ffc1668   a5 a5 a5 a5 00 00 00 00  94 e2 fc 3f 01 a5 a5
 a5  |...........?....|
I (1832) key test: wc_RsaKeyToDer derSz 319
I (1832) key test: wc_DerToPem pemSz 497
I (1832) key test: Begin  wc_InitCert
I (1832) key test: End  wc_InitCert
I (1832) key test: Begin  wc_MakeCertReq_ex
I (1842) key test: Begin  wc_MakeCertReq_ex
I (1842) key test: Begin  wc_SignCert_ex
I (1852) key test: 0x3ffc1668   a5 a5 a5 a5 00 00 00 00  94 e2 fc 3f 01 a5 a
5 a5  |...........?....|
I (1862) rsa peek: tmp  = 3FFCE658
I (1862) rsa peek: rng  = 3FFC1668
I (1872) rsa peek: rnd  = 3FFCE884
I (1872) rsa peek: rndi = 3FFCEAB0
I (1892) rsa peek 2: tmp  = 3FFCE658
I (1892) rsa peek 2: tmpa = 3FFC0F70
I (1892) rsa peek 2: tmp  = 3FFCE658
I (1892) rsa peek 2: tmpa = 3FFC0F70
I (1892) rsa peek: rnd  = 3FFCE884
I (1902) rsa peek: rndi = 3FFCEAB0
I (1902) rsa peek: tmp  = 3FFCE658
I (1912) rsa peek: rng  = 3FFC1668
I (1912) rsa peek: rnd  = 3FFCE884
I (1912) rsa peek: rndi = 3FFCEAB0
I (1922) key test: End  wc_SignCert_ex
I (1922) key test:

Request pem: (paste into file for CA sign)

-----BEGIN CERTIFICATE REQUEST-----
MIIBLzCB2gIBADB1MQswCQYDVQQGEwJOWjEQMA4GA1UECAwHV2Fpa2F0bzERMA8G
A1UEBwwISGFtaWx0b24xIDAeBgNVBAoMF0JsdWUgTGVhZiBTb2Z0d2FyZSwgTHRk
MR8wHQYDVQQDDBZMdW1vcyBIVywgU04gPSBCTFMtMDAyMFwwDQYJKoZIhvcNAQEB
BQADSwAwSAJBAK9175fLyM9yOf/PsEw90hAy3PZX4OOtIavK+izttAzKqQbCJ1pr
Cw7ZXmwhLduKoMUkpXj4imHwo4UCA22NKyMCAwEAAaAAMA0GCSqGSIb3DQEBCwUA
A0EAhTlyPMjFt/cATRspYjLtOXOJDFYgPWcg/BtobiCsNXh3RSRpBo0b9HbhceNg
CR/UeWjnpufNJb0YS5FJy0ZN8w==
-----END CERTIFICATE REQUEST-----



I (1972) key test: openssl x509 -req -in ./output/test_request.crt -days 10
   \
     -CA private/CertificateAuthority-4096-PublicKey.crt                 \
     -CAkey private/CertificateAuthority-4096-PrivateKey.pem             \
     -passin pass:secret -CAcreateserial                                 \
     -extfile private/CertificateExtensions.txt -extensions LumosDevice  \
     -out ./output/test-Device-Certificate_hw.crt -text

I (2022) key test: ESP32WROOM32_CRYPT is enabled for ESP32.
I (2022) key test: Stack HWM: 33660
I (2032) key test: Done!
