ets Jun  8 2016 00:22:57

rst:0x3 (SW_RESET),boot:0x13 (SPI_FAST_FLASH_BOOT)
configsip: 0, SPIWP:0xee
clk_drv:0x00,q_drv:0x00,d_drv:0x00,cs0_drv:0x00,hd_drv:0x00,wp_drv:0x00
mode:DIO, clock div:1
load:0x3fff0030,len:7000
load:0x40078000,len:15456
load:0x40080400,len:3840
entry 0x4008064c
I (26) boot: ESP-IDF v5.0-dirty 2nd stage bootloader
I (27) boot: compile time 19:03:37
I (27) boot: chip revision: v1.0
I (30) boot_comm: chip revision: 1, min. bootloader chip revision: 0
I (37) boot.esp32: SPI Speed      : 80MHz
I (41) boot.esp32: SPI Mode       : DIO
I (46) boot.esp32: SPI Flash Size : 2MB
I (51) boot: Enabling RNG early entropy source...
I (56) boot: Partition Table:
I (60) boot: ## Label            Usage          Type ST Offset   Length
I (67) boot:  0 nvs              WiFi data        01 02 00009000 00006000
I (74) boot:  1 phy_init         RF data          01 01 0000f000 00001000
I (82) boot:  2 factory          factory app      00 00 00010000 00177000
I (89) boot: End of partition table
I (93) boot_comm: chip revision: 1, min. application chip revision: 0
I (101) esp_image: segment 0: paddr=00010020 vaddr=3f400020 size=22f18h (143128) map
I (152) esp_image: segment 1: paddr=00032f40 vaddr=3ffb0000 size=03a4ch ( 14924) load
I (157) esp_image: segment 2: paddr=00036994 vaddr=40080000 size=09684h ( 38532) load
I (172) esp_image: segment 3: paddr=00040020 vaddr=400d0020 size=79e38h (499256) map
I (322) esp_image: segment 4: paddr=000b9e60 vaddr=40089684 size=0ab38h ( 43832) load
I (338) esp_image: segment 5: paddr=000c49a0 vaddr=50000000 size=00010h (    16) load
I (348) boot: Loaded app from partition at offset 0x10000
I (349) boot: Disabling RNG early entropy source...
I (360) cpu_start: Pro cpu up.
I (360) cpu_start: Starting app cpu, entry point is 0x400812d0
I (348) cpu_start: App cpu up.
I (375) cpu_start: Pro cpu start user code
I (375) cpu_start: cpu freq: 160000000 Hz
I (375) cpu_start: Application information:
I (380) cpu_start: Project name:     key_test
I (385) cpu_start: App version:      v5.6.0-stable-536-g2841792d5-di
I (392) cpu_start: Compile time:     Apr 20 2023 19:12:56
I (398) cpu_start: ELF file SHA256:  34f6780af17717c9...
I (404) cpu_start: ESP-IDF:          v5.0-dirty
I (409) heap_init: Initializing. RAM available for dynamic allocation:
I (416) heap_init: At 3FFAE6E0 len 00001920 (6 KiB): DRAM
I (422) heap_init: At 3FFB69E0 len 00029620 (165 KiB): DRAM
I (428) heap_init: At 3FFE0440 len 00003AE0 (14 KiB): D/IRAM
I (435) heap_init: At 3FFE4350 len 0001BCB0 (111 KiB): D/IRAM
I (441) heap_init: At 400941BC len 0000BE44 (47 KiB): IRAM
I (448) spi_flash: detected chip: generic
I (452) spi_flash: flash io: dio
W (456) spi_flash: Detected size(4096k) larger than the size in the binary image header(2048
k). Using the size in the binary image header.
I (470) cpu_start: Starting scheduler on PRO CPU.
I (0) cpu_start: Starting scheduler on APP CPU.
I (480) key test: --------------------------------------------------------
I (480) key test: --------------------------------------------------------
I (480) key test: ---------------------- BEGIN MAIN ----------------------
I (490) key test: --------------------------------------------------------
I (500) key test: --------------------------------------------------------
I (510) Version Info: Extended Version and Platform Information.
I (510) Version Info: LIBWOLFSSL_VERSION_STRING = 5.6.0
I (520) Version Info: LIBWOLFSSL_VERSION_HEX = 5006000
I (530) Version Info: LIBWOLFSSL_VERSION_GIT_ORIGIN = https://github.com/gojimmypi/wolfssl.g
it
I (530) Version Info: LIBWOLFSSL_VERSION_GIT_BRANCH = ED25519_SHA2_fix
I (540) Version Info: LIBWOLFSSL_VERSION_GIT_HASH = 2841792d56fdfafec0e5dfb0e14d39dfd6b562bd
I (550) Version Info: LIBWOLFSSL_VERSION_GIT_SHORT_HASH = 2841792d5
I (560) Version Info: LIBWOLFSSL_VERSION_GIT_HASH_DATE = 'Thu Apr 20 19:12:16 2023 +0200'
I (570) Version Info: CONFIG_IDF_TARGET = esp32
I (570) Version Info: CONFIG_ESP32_DEFAULT_CPU_FREQ_MHZ: 160 MHz
I (580) Version Info: Xthal_have_ccount: 1
I (580) Version Info: CONFIG_MAIN_TASK_STACK_SIZE: 55000
I (590) Version Info: CONFIG_ESP_MAIN_TASK_STACK_SIZE: 55000
I (600) Version Info: CONFIG_TIMER_TASK_STACK_SIZE: 3584
I (600) Version Info: CONFIG_TIMER_TASK_STACK_DEPTH: 2048
I (610) Version Info: Stack HWM: 53724
I (610) Version Info: ESP32WROOM32_CRYPT is enabled for ESP32.
I (620) Version Info: NOT SINGLE_THREADED
I (660) key test: ESP_WIFI_MODE_STA
I (670) wifi:wifi driver task: 3ffc95b4, prio:23, stack:6656, core=0
I (670) system_api: Base MAC address is not set
I (670) system_api: read default base MAC address from EFUSE
I (690) wifi:wifi firmware version: 0d470ef
I (690) wifi:wifi certification version: v7.0
I (690) wifi:config NVS flash: enabled
I (690) wifi:config nano formating: disabled
I (690) wifi:Init data frame dynamic rx buffer num: 32
I (700) wifi:Init management frame dynamic rx buffer num: 32
I (700) wifi:Init management short buffer num: 32
I (710) wifi:Init dynamic tx buffer num: 32
I (710) wifi:Init static rx buffer size: 1600
I (720) wifi:Init static rx buffer num: 10
I (720) wifi:Init dynamic rx buffer num: 32
I (720) wifi_init: rx ba win: 6
I (730) wifi_init: tcpip mbox: 32
I (730) wifi_init: udp mbox: 6
I (730) wifi_init: tcp mbox: 6
I (740) wifi_init: tcp tx win: 5744
I (740) wifi_init: tcp rx win: 5744
I (750) wifi_init: tcp mss: 1440
I (750) wifi_init: WiFi IRAM OP enabled
I (760) wifi_init: WiFi RX IRAM OP enabled
W (760) key test: Warning test
E (760) key test: Error test
I (770) key test: Generating an RSA key 2048 bits long
I (19960) key test:

Cert PEM:

-----BEGIN RSA PRIVATE KEY-----
MIIEpAIBAAKCAQEAzn3dgbQv7selecTFu4Ztql1RgXHGADi6CYparXx2Wb7xBIwe
q4vdRNGqOetzRGx1QqtOJEE7G8X1mm/2faOwSUhacFxYMxrznYb/IfzgT07fekbu
cF8NOC9VIH4CM/CK4p0MDv9fShSUZc7pOro3WPYOa9zibg83Sv/QeRxUl1C0OJ6g
CDKCl4KJhZo4g5ZSnE9EJhKBpNQ7dOQPOOXPyT7+rIGhFd3DQfC4wlsdyO8p+JVA
ksNV7JEQs5L12csYjvvNbKhuP+IowJ1sCL7vhK/ord6PShO2okqN4quEZL3CuZ2g
Slp0qfx9gl1zihTUrkK2aNOQjTtYFBOHuoCjqQIDAQABAoIBAQClp5PsWgGaLdAy
wAlhR5by9apNjliqFNgqjzPvucm4ddYlL8PrG2mHrCxECv+OBPSNZ6BotWwV+9ns
66VzZb4nDESBn5OibBzEY2iKe7P36+6cygq/W4HfcRl5150szeydoB/saDKp25ix
lCzHUFzWoY8wOSPt54cUQ+WbQ38ZY9M81iS2RAj4kmLp20XDkG+yHL7QJJPaR1Ao
tP/XTJuRs19AH6XKLcQVvg+BLeUYRa3njoIrF1PSC18EXi/jXH15R7rxTwU/4s3K
qWAOlQV5wiQSGAKUoYyI3Hs0Jo0Ap0ZUZnySIpE/eNfqdMGm7lGLcZD/YhekfvM6
j1k/WfABAoGBAPf3YS55D5s+408TvtnRKjqAlzuOaxrLTCco+S4mZ5lnIHeIvBsI
sFzLuw/fsPFJ3C64THJmBoE3YZBO4id3n5AuZd5HluR3E5D50rfAAa9O4HZX4FSP
VJID5jxyK5W8cr/GCA4tcY+k06qvNCZcfLWT09beoiv7EYDxMMqwMsX5AoGBANUu
fzBeevEF6Htv1xY/8p9XVaIpKpOS0PLf6g76ICpk2eNJLAT9qBxvCCMLz9mS9zd8
cgxgCBf5H65v7DpaoXqPTdmtMz1dGfCGLDDRSMLdbXN73+avWiu8Q5Pj8sKu5OuZ
xhoEc40hx6NxF/KEJfKSPN/surUYDV3yGpQlUncxAoGAfKiV55oe2WolNlTz5mb7
9ss8vEkd2SuJDkrP8n6GKJ2quc0429Jjb1NQqGtJdhQuqCIo9H4MGRvxZW3yzeqa
gg6BUdzlo9elM4YUhCH39t0NhREqivg/iOSC87Jl7PH/Mh/pXs9DvvYbHzzTV9G5
NEOsBOKJ3thqdUtLvyoTbGkCgYAagrvCch1r18Y/g3sGA1HSyvOVRPVMgNeHPJ1I
24Ygf4YxI6pbvIepcY1bfl6MuiAQQGOWcmLPSGXONZD0+MxYB3Yw+b8DhI5zQNxB
/eTEhvDTibYgY/Icuj7VJ2XLHCDPw8HE/oS4Klk/VBMcT57AebskRbY6SxFue2se
vT1yIQKBgQDzwhYCJGgFG6tBssbI7YheHR/Te21HwpZYS8OWSfU2VC1GD6zjBpbw
AedAH3klPd/c7OuvsJTdiaeoZUqO4l1wHhWv2RVibCyQEv9X1XMC3sRXXVzdnCLV
jkcZgXPkzlsXS8Fd/CM1JettfyJmftkYMl68C7UKITQWkNRQbdR1zQ==
-----END RSA PRIVATE KEY-----



W (20410) wolfssl_mp: exceeds max bit length(2048)
E (20410) key test: Sign Cert failed: -117

E (20410) key test: wc_DerToPem error -117
I (20420) key test:

Request pem: (paste into file for CA sign)




I (20420) key test: openssl x509 -req -in ./output/test_request.crt -days 10    \
     -CA private/CertificateAuthority-4096-PublicKey.crt                 \
     -CAkey private/CertificateAuthority-4096-PrivateKey.pem             \
     -passin pass:secret -CAcreateserial                                 \
     -extfile private/CertificateExtensions.txt -extensions LumosDevice  \
     -out ./output/test-Device-Certificate_hw.crt -text

I (20470) key test: ESP32WROOM32_CRYPT is enabled for ESP32.
I (20470) key test: Done!
