ets Jun  8 2016 00:22:57

rst:0x3 (SW_RESET),boot:0x13 (SPI_FAST_FLASH_BOOT)
configsip: 0, SPIWP:0xee
clk_drv:0x00,q_drv:0x00,d_drv:0x00,cs0_drv:0x00,hd_drv:0x00,wp_drv:0x00
mode:DIO, clock div:1
load:0x3fff0030,len:7000
load:0x40078000,len:15456
load:0x40080400,len:3840
entry 0x4008064c
I (26) boot: ESP-IDF v5.0-dirty 2nd stage bootloader
I (26) boot: compile time 19:23:39
I (27) boot: chip revision: v1.0
I (30) boot_comm: chip revision: 1, min. bootloader chip revision: 0
I (37) boot.esp32: SPI Speed      : 80MHz
I (41) boot.esp32: SPI Mode       : DIO
I (46) boot.esp32: SPI Flash Size : 2MB
I (51) boot: Enabling RNG early entropy source...
I (56) boot: Partition Table:
I (60) boot: ## Label            Usage          Type ST Offset   Length
I (67) boot:  0 nvs              WiFi data        01 02 00009000 00006000
I (74) boot:  1 phy_init         RF data          01 01 0000f000 00001000
I (82) boot:  2 factory          factory app      00 00 00010000 00177000
I (89) boot: End of partition table
I (93) boot_comm: chip revision: 1, min. application chip revision: 0
I (101) esp_image: segment 0: paddr=00010020 vaddr=3f400020 size=22f20h (143136) map
I (152) esp_image: segment 1: paddr=00032f48 vaddr=3ffb0000 size=03a4ch ( 14924) load
I (157) esp_image: segment 2: paddr=0003699c vaddr=40080000 size=0967ch ( 38524) load
I (172) esp_image: segment 3: paddr=00040020 vaddr=400d0020 size=7a1a0h (500128) map
I (323) esp_image: segment 4: paddr=000ba1c8 vaddr=4008967c size=0ab40h ( 43840) load
I (338) esp_image: segment 5: paddr=000c4d10 vaddr=50000000 size=00010h (    16) load
I (349) boot: Loaded app from partition at offset 0x10000
I (349) boot: Disabling RNG early entropy source...
I (361) cpu_start: Pro cpu up.
I (361) cpu_start: Starting app cpu, entry point is 0x400812d0
I (348) cpu_start: App cpu up.
I (375) cpu_start: Pro cpu start user code
I (375) cpu_start: cpu freq: 160000000 Hz
I (375) cpu_start: Application information:
I (380) cpu_start: Project name:     key_test
I (385) cpu_start: App version:      v5.6.0-stable-539-g597662176-di
I (392) cpu_start: Compile time:     Apr 20 2023 21:07:55
I (398) cpu_start: ELF file SHA256:  d5b62986c2d86f88...
I (404) cpu_start: ESP-IDF:          v5.0-dirty
I (409) heap_init: Initializing. RAM available for dynamic allocation:
I (416) heap_init: At 3FFAE6E0 len 00001920 (6 KiB): DRAM
I (423) heap_init: At 3FFB69E0 len 00029620 (165 KiB): DRAM
I (429) heap_init: At 3FFE0440 len 00003AE0 (14 KiB): D/IRAM
I (435) heap_init: At 3FFE4350 len 0001BCB0 (111 KiB): D/IRAM
I (442) heap_init: At 400941BC len 0000BE44 (47 KiB): IRAM
I (449) spi_flash: detected chip: generic
I (452) spi_flash: flash io: dio
W (456) spi_flash: Detected size(4096k) larger than the size in the binary image header(2048
k). Using the size in the binary image header.
I (470) cpu_start: Starting scheduler on PRO CPU.
I (0) cpu_start: Starting scheduler on APP CPU.
I (480) key test: --------------------------------------------------------
I (480) key test: --------------------------------------------------------
I (480) key test: ---------------------- BEGIN MAIN ----------------------
I (490) key test: --------------------------------------------------------
I (500) key test: --------------------------------------------------------
I (510) Version Info: Extended Version and Platform Information.
I (510) Version Info: LIBWOLFSSL_VERSION_STRING = 5.6.0
I (520) Version Info: LIBWOLFSSL_VERSION_HEX = 5006000
I (530) Version Info: LIBWOLFSSL_VERSION_GIT_ORIGIN = https://github.com/gojimmypi/wolfssl.g
it
I (530) Version Info: LIBWOLFSSL_VERSION_GIT_BRANCH = ED25519_SHA2_fix
I (540) Version Info: LIBWOLFSSL_VERSION_GIT_HASH = 597662176af6647f505b7904871ef451f1f047dd
I (550) Version Info: LIBWOLFSSL_VERSION_GIT_SHORT_HASH = 597662176
I (560) Version Info: LIBWOLFSSL_VERSION_GIT_HASH_DATE = 'Thu Apr 20 21:05:40 2023 +0200'
I (570) Version Info: CONFIG_IDF_TARGET = esp32
I (570) Version Info: CONFIG_ESP32_DEFAULT_CPU_FREQ_MHZ: 160 MHz
I (580) Version Info: Xthal_have_ccount: 1
I (580) Version Info: CONFIG_MAIN_TASK_STACK_SIZE: 55000
I (590) Version Info: CONFIG_ESP_MAIN_TASK_STACK_SIZE: 55000
I (600) Version Info: CONFIG_TIMER_TASK_STACK_SIZE: 3584
I (600) Version Info: CONFIG_TIMER_TASK_STACK_DEPTH: 2048
I (610) Version Info: Stack HWM: 53724
I (610) Version Info: ESP32WROOM32_CRYPT is enabled for ESP32.
I (620) Version Info: NOT SINGLE_THREADED
I (660) key test: ESP_WIFI_MODE_STA
I (670) wifi:wifi driver task: 3ffc95b4, prio:23, stack:6656, core=0
I (670) system_api: Base MAC address is not set
I (670) system_api: read default base MAC address from EFUSE
I (690) wifi:wifi firmware version: 0d470ef
I (690) wifi:wifi certification version: v7.0
I (690) wifi:config NVS flash: enabled
I (690) wifi:config nano formating: disabled
I (690) wifi:Init data frame dynamic rx buffer num: 32
I (700) wifi:Init management frame dynamic rx buffer num: 32
I (700) wifi:Init management short buffer num: 32
I (710) wifi:Init dynamic tx buffer num: 32
I (710) wifi:Init static rx buffer size: 1600
I (720) wifi:Init static rx buffer num: 10
I (720) wifi:Init dynamic rx buffer num: 32
I (720) wifi_init: rx ba win: 6
I (730) wifi_init: tcpip mbox: 32
I (730) wifi_init: udp mbox: 6
I (730) wifi_init: tcp mbox: 6
I (740) wifi_init: tcp tx win: 5744
I (740) wifi_init: tcp rx win: 5744
I (750) wifi_init: tcp mss: 1440
I (750) wifi_init: WiFi IRAM OP enabled
I (760) wifi_init: WiFi RX IRAM OP enabled
W (760) key test: Warning test
E (760) key test: Error test
I (770) key test: Generating an RSA key 2048 bits long
I (5910) key test:

Cert PEM:

-----BEGIN RSA PRIVATE KEY-----
MIIEpQIBAAKCAQEAvK0NnZwyiKv8l8xZ0jlZR/b8xoTZO73EgrmLEdJU9WaEUqiv
ajq+vsIWBzmHUywIQVUsf9MKmWkY3dPzocruWV8YOT2McfaM0whlL9COcin4Uu95
ChlBUGscqATkyYloM1le5ynPn0AQaGxOz0O2mHvCWNTC4AS8mXCKqgkTAjHF2DXm
3uPi1RtXHkKYOE6QHX66/0Ngp+X5RqiSG8M8tEn8KAo8TXRPE/wEwMsz6/2E+io0
y0UD5NWaZ5nOrixj6QfqKi1hRCM4DSpKqqOFwz0FWjt/GhjeMiNsJHMPbheQkTUd
AP5K5GIyXK1OEke5gM6rnIULfURkVak1a6u5iQIDAQABAoIBAEcTKb3lyWOS5mSI
po167RcfA7oE8ZB/vDdCjhD4muiW5eH9iZcK6jASDRpLoZ7DR5jU7R558dQ4sxVd
crnQKFmiaQ2nEfEcX5Bf6T5J4l8/UDxt2brkKKaSswjYTxdcm9Q8JnQOXBgxmfy8
UDPj3jUy6dNs0rxxDFsA+jtzj6WTU18qSU06MveTycT4s+sIDb8X5ps+4i2eskKM
zopgDxCG/qEokdNO/tViefhDPeuasWTOgDyGEdpVI90c/n/5+7gwEWsUOZ1raqhA
Xz2mrKvw/LmI9OWvMKDxSegR9OrpdoxJVBobB2XNiToqOEABkafd4FKJKbF1LjET
fZ2x4AECgYEA+rT/uJLLrkBG0wPaoAYtOuY9NiTmKLykdq4e515t8wYQPCOVb3Uf
eEE5VXi98KpwLTGEQmZrqdbOT4kAcv0BhFnqMwDn5pSYML3dGc/gN8/F+kwZBL+3
30361/EDhHUDjlKtF3n0yNu6bvbYb7vvVBz8h1BsJo1YWtyEEF9KAkECgYEAwKjL
PyRn1yfBwRFBYtZsZjsDaMgOmoGP0jhRvmiRP+LBo7pir1sPd2EZIXuDU7Fz0uUF
IJGUWY2Ki+ITBB9o9+zmM6T7bziIdMXQLrfcP/zHwHPHaMfWZRc9NIoVfBLPo3Mg
Us5jP/4m3F7T2RaIqKbahK/ghheWGVX0YW1x1UkCgYEA44J3gbbtUW8RFpMrxgZ0
6ztfFxB7MUKneO/gKZSe8GhzOTANfzzpVwbRkcfljk4NSGXkISGy2EiPpsur9a21
v7ac+rX6vFvilHDoAXGMhvltLwv5tD6LDQFF/sq/p2dM184dN+27fr8vu10U4qjI
sisv21fXHVEteh8dVYIztkECgYEArdzmJqJtD46yXNB8qHyHMK7bAclg3HBF4Vmv
81yckAHL7Dy86DEOQRagPkYfmvzOYKkLOnwGW9bPDDPGI3dRHERu7nZZ7eIfyvnl
SPPl0N0HSxdxAo8tXOde9bYTc3fqaD/yEKhuiwaJ/V+aYRPj2gdRtmKeBYTtkQmv
0+iXzPkCgYEA62kzCJ8xXqXrfKcq5b07YbWURzi9iKolsxYRbWuIvc4+sAkhb9XP
Jccqw3zGS0XCA7n5x1EUXCo7z+tD+jkSepPS0TdDTk1vK5lbBzTVJXDPoM86eylI
/1SaJy8ZuT0xmtoN5ZwdNzpL9jDbMvkOfPNPy2nXgt95TREeAxhHpk8=
-----END RSA PRIVATE KEY-----



I (6400) key test:

Request pem: (paste into file for CA sign)

-----BEGIN CERTIFICATE REQUEST-----
MIICxDCCAawCAQAwfzELMAkGA1UEBhMCTloxEDAOBgNVBAgMB1dhaWthdG8xETAP
BgNVBAcMCEhhbWlsdG9uMSAwHgYDVQQKDBdCbHVlIExlYWYgU29mdHdhcmUsIEx0
ZDEpMCcGA1UEAwwgTHVtb3MgSFcsIHNlcmlhbE51bWJlciA9IEJMUy0wMDIwggEi
MA0GCSqGSIb3DQEBAQUAA4IBDwAwggEKAoIBAQC8rQ2dnDKIq/yXzFnSOVlH9vzG
hNk7vcSCuYsR0lT1ZoRSqK9qOr6+whYHOYdTLAhBVSx/0wqZaRjd0/Ohyu5ZXxg5
PYxx9ozTCGUv0I5yKfhS73kKGUFQaxyoBOTJiWgzWV7nKc+fQBBobE7PQ7aYe8JY
1MLgBLyZcIqqCRMCMcXYNebe4+LVG1ceQpg4TpAdfrr/Q2Cn5flGqJIbwzy0Sfwo
CjxNdE8T/ATAyzPr/YT6KjTLRQPk1Zpnmc6uLGPpB+oqLWFEIzgNKkqqo4XDPQVa
O38aGN4yI2wkcw9uF5CRNR0A/krkYjJcrU4SR7mAzquchQt9RGRVqTVrq7mJAgMB
AAGgADANBgkqhkiG9w0BAQsFAAOCAQEAAVqNieTIauSHYYyv4KYk/AUPNkcrqzwI
IYwBNlHNS1m+FAvTIZZUdzhOJzI2rC4PKdn07SPsbtrlPBlnnnUgDyAs+qO7jbQk
14klIRZ3zcLN5+30GmsRfY1puoj7vPz6tnqcMpBmRBn/6bN8VkrNvSOEEvr8nhgl
fBaKb+gSNakDADfI1vIr1KRYxDKGROnDHKYZ8KvyFjHqEpc4G3rV9fd0sfrcodf0
mzFHjdU7wtKT4q7KpwjzmKLVDvuo5bJEU6yWd+qF9Gpi5IhZVe+DWv4zs9wmAWJW
QthHh0BHOtP07zojzmEandUZZfHbQ+5D029IpejBQB34MY+oF2am+w==
-----END CERTIFICATE REQUEST-----



I (6490) key test: openssl x509 -req -in ./output/test_request.crt -days 10    \
     -CA private/CertificateAuthority-4096-PublicKey.crt                 \
     -CAkey private/CertificateAuthority-4096-PrivateKey.pem             \
     -passin pass:secret -CAcreateserial                                 \
     -extfile private/CertificateExtensions.txt -extensions LumosDevice  \
     -out ./output/test-Device-Certificate_hw.crt -text

I (6530) key test: ESP32WROOM32_CRYPT is enabled for ESP32.
I (6540) key test: Done!
