ets Jun  8 2016 00:22:57

rst:0x3 (SW_RESET),boot:0x13 (SPI_FAST_FLASH_BOOT)
configsip: 0, SPIWP:0xee
clk_drv:0x00,q_drv:0x00,d_drv:0x00,cs0_drv:0x00,hd_drv:0x00,wp_drv:0x00
mode:DIO, clock div:1
load:0x3fff0030,len:7000
load:0x40078000,len:15456
load:0x40080400,len:3840
entry 0x4008064c
I (26) boot: ESP-IDF v5.0-dirty 2nd stage bootloader
I (26) boot: compile time 10:23:58
I (26) boot: chip revision: v1.0
I (29) boot_comm: chip revision: 1, min. bootloader chip revision: 0
I (37) boot.esp32: SPI Speed      : 80MHz
I (41) boot.esp32: SPI Mode       : DIO
I (46) boot.esp32: SPI Flash Size : 2MB
I (50) boot: Enabling RNG early entropy source...
I (56) boot: Partition Table:
I (59) boot: ## Label            Usage          Type ST Offset   Length
I (67) boot:  0 nvs              WiFi data        01 02 00009000 00006000
I (74) boot:  1 phy_init         RF data          01 01 0000f000 00001000
I (81) boot:  2 factory          factory app      00 00 00010000 00177000
I (89) boot: End of partition table
I (93) boot_comm: chip revision: 1, min. application chip revision: 0
I (100) esp_image: segment 0: paddr=00010020 vaddr=3f400020 size=2352ch (
144684) map
I (152) esp_image: segment 1: paddr=00033554 vaddr=3ffb0000 size=03c1ch (
 15388) load
I (158) esp_image: segment 2: paddr=00037178 vaddr=40080000 size=08ea0h (
 36512) load
I (171) esp_image: segment 3: paddr=00040020 vaddr=400d0020 size=7cc08h (
510984) map
I (325) esp_image: segment 4: paddr=000bcc30 vaddr=40088ea0 size=0bbe4h (
 48100) load
I (342) esp_image: segment 5: paddr=000c881c vaddr=50000000 size=00010h (
    16) load
I (353) boot: Loaded app from partition at offset 0x10000
I (353) boot: Disabling RNG early entropy source...
I (365) cpu_start: Pro cpu up.
I (365) cpu_start: Starting app cpu, entry point is 0x40081300
I (352) cpu_start: App cpu up.
I (379) cpu_start: Pro cpu start user code
I (379) cpu_start: cpu freq: 160000000 Hz
I (379) cpu_start: Application information:
I (384) cpu_start: Project name:     key_test
I (389) cpu_start: App version:      v5.6.0-stable-663-g25399b040-di
I (396) cpu_start: Compile time:     Apr 29 2023 10:53:01
I (402) cpu_start: ELF file SHA256:  f1752d7909bef8c9...
I (408) cpu_start: ESP-IDF:          v5.0-dirty
I (414) heap_init: Initializing. RAM available for dynamic allocation:
I (421) heap_init: At 3FFAE6E0 len 00001920 (6 KiB): DRAM
I (427) heap_init: At 3FFB6BB0 len 00029450 (165 KiB): DRAM
I (433) heap_init: At 3FFE0440 len 00003AE0 (14 KiB): D/IRAM
I (439) heap_init: At 3FFE4350 len 0001BCB0 (111 KiB): D/IRAM
I (446) heap_init: At 40094A84 len 0000B57C (45 KiB): IRAM
I (453) spi_flash: detected chip: generic
I (457) spi_flash: flash io: dio
W (461) spi_flash: Detected size(4096k) larger than the size in the binar
y image header(2048k). Using the size in the binary image header.
I (475) cpu_start: Starting scheduler on PRO CPU.
I (0) cpu_start: Starting scheduler on APP CPU.
I (484) key test: -------------------------------------------------------
-
I (484) key test: -------------------------------------------------------
-
I (484) key test: ---------------------- BEGIN MAIN ---------------------
-
I (494) key test: -------------------------------------------------------
-
I (504) key test: -------------------------------------------------------
-
I (514) Version Info: Extended Version and Platform Information.
I (514) Version Info: LIBWOLFSSL_VERSION_STRING = 5.6.0
I (524) Version Info: LIBWOLFSSL_VERSION_HEX = 5006000
I (534) Version Info: LIBWOLFSSL_VERSION_GIT_TAG = v5.6.0-stable
I (534) Version Info: LIBWOLFSSL_VERSION_GIT_ORIGIN = https://github.com/
gojimmypi/wolfssl.git
I (544) Version Info: LIBWOLFSSL_VERSION_GIT_BRANCH = ED25519_SHA2_fix
I (554) Version Info: LIBWOLFSSL_VERSION_GIT_HASH = 25399b0405ad01168ab2d
6b7c77f8c371235d694
I (564) Version Info: LIBWOLFSSL_VERSION_GIT_SHORT_HASH = 25399b040
I (564) Version Info: LIBWOLFSSL_VERSION_GIT_HASH_DATE = 'Sat Apr 29 10:5
1:38 2023 -0700'
I (574) Version Info: CONFIG_IDF_TARGET = esp32
I (584) Version Info: CONFIG_ESP32_DEFAULT_CPU_FREQ_MHZ: 160 MHz
I (594) Version Info: Xthal_have_ccount: 1
I (594) Version Info: CONFIG_MAIN_TASK_STACK_SIZE: 55000
I (604) Version Info: CONFIG_ESP_MAIN_TASK_STACK_SIZE: 55000
I (604) Version Info: CONFIG_TIMER_TASK_STACK_SIZE: 3584
I (614) Version Info: CONFIG_TIMER_TASK_STACK_DEPTH: 2048
I (614) Version Info: Stack HWM: 53624
I (624) Version Info: ESP32WROOM32_CRYPT is enabled for ESP32.
I (634) Version Info: NOT SINGLE_THREADED
I (664) key test: ESP_WIFI_MODE_STA
I (674) wifi:wifi driver task: 3ffc9784, prio:23, stack:6656, core=0
I (674) system_api: Base MAC address is not set
I (674) system_api: read default base MAC address from EFUSE
I (694) wifi:wifi firmware version: 0d470ef
I (694) wifi:wifi certification version: v7.0
I (694) wifi:config NVS flash: enabled
I (694) wifi:config nano formating: disabled
I (694) wifi:Init data frame dynamic rx buffer num: 32
I (694) wifi:Init management frame dynamic rx buffer num: 32
I (704) wifi:Init management short buffer num: 32
I (704) wifi:Init dynamic tx buffer num: 32
I (714) wifi:Init static rx buffer size: 1600
I (714) wifi:Init static rx buffer num: 10
I (724) wifi:Init dynamic rx buffer num: 32
I (724) wifi_init: rx ba win: 6
I (724) wifi_init: tcpip mbox: 32
I (734) wifi_init: udp mbox: 6
I (734) wifi_init: tcp mbox: 6
I (744) wifi_init: tcp tx win: 5744
I (744) wifi_init: tcp rx win: 5744
I (744) wifi_init: tcp mss: 1440
I (754) wifi_init: WiFi IRAM OP enabled
I (754) wifi_init: WiFi RX IRAM OP enabled
W (764) key test: Warning test
E (764) key test: Error test
I (774) key test: Generating an RSA key 512 bits long
I (4114) TFM fp_mul: B2 mismatch!
I (4124) TFM: skipping esp_mp_mulmod marker 8
I (4194) TFM: skipping esp_mp_mulmod marker 8
I (4284) TFM: skipping esp_mp_mulmod marker 8
I (4284) TFM fp_mul: A2 mismatch!
I (4284) TFM: skipping esp_mp_mulmod marker 8
I (4284) key test:

Request pem: (paste into file for CA sign)

-----BEGIN CERTIFICATE REQUEST-----
MIIBOTCB5AIBADB/MQswCQYDVQQGEwJOWjEQMA4GA1UECAwHV2Fpa2F0bzERMA8G
A1UEBwwISGFtaWx0b24xIDAeBgNVBAoMF0JsdWUgTGVhZiBTb2Z0d2FyZSwgTHRk
MSkwJwYDVQQDDCBMdW1vcyBIVywgc2VyaWFsTnVtYmVyID0gQkxTLTAwMjBcMA0G
CSqGSIb3DQEBAQUAA0sAMEgCQQClnAwK8bmrsB+sDRlDLdL2OgIj0kg4scXdJYc5
TUJL7RPvjOLkMShPwXA4tvyKphnFBzh/KINW0u5bZCbUBOphAgMBAAGgADANBgkq
hkiG9w0BAQsFAANBADoFRE3OSHBMGuba+0D8FSe8S2xku596ZEcPvQDXtLLSAvxN
HAvbgVaGr/N9wTyzBjSa+wtS2+D+XuiiadcE2V4=
-----END CERTIFICATE REQUEST-----



I (4334) key test: openssl x509 -req -in ./output/test_request.crt -days
10    \
     -CA private/CertificateAuthority-4096-PublicKey.crt
\
     -CAkey private/CertificateAuthority-4096-PrivateKey.pem
\
     -passin pass:secret -CAcreateserial
\
     -extfile private/CertificateExtensions.txt -extensions LumosDevice
\
     -out ./output/test-Device-Certificate_hw.crt -text


I (4384) key test: ESP32WROOM32_CRYPT is enabled for ESP32.
I (4384) key test: Stack HWM: 33608
I (4394) key test: Done!
