ets Jun  8 2016 00:22:57

rst:0x3 (SW_RESET),boot:0x13 (SPI_FAST_FLASH_BOOT)
configsip: 0, SPIWP:0xee
clk_drv:0x00,q_drv:0x00,d_drv:0x00,cs0_drv:0x00,hd_drv:0x00,wp_drv:0x00
mode:DIO, clock div:1
load:0x3fff0030,len:7000
load:0x40078000,len:15456
load:0x40080400,len:3840
entry 0x4008064c
I (26) boot: ESP-IDF v5.0-dirty 2nd stage bootloader
I (27) boot: compile time 11:46:22
I (27) boot: chip revision: v1.0
I (30) boot_comm: chip revision: 1, min. bootloader chip revision: 0
I (37) boot.esp32: SPI Speed      : 80MHz
I (41) boot.esp32: SPI Mode       : DIO
I (46) boot.esp32: SPI Flash Size : 2MB
I (51) boot: Enabling RNG early entropy source...
I (56) boot: Partition Table:
I (60) boot: ## Label            Usage          Type ST Offset   Length
I (67) boot:  0 nvs              WiFi data        01 02 00009000 00006000
I (74) boot:  1 phy_init         RF data          01 01 0000f000 00001000
I (82) boot:  2 factory          factory app      00 00 00010000 00177000
I (89) boot: End of partition table
I (93) boot_comm: chip revision: 1, min. application chip revision: 0
I (101) esp_image: segment 0: paddr=00010020 vaddr=3f400020 size=22ea8h (143016) map
I (152) esp_image: segment 1: paddr=00032ed0 vaddr=3ffb0000 size=03a4ch ( 14924) load
I (157) esp_image: segment 2: paddr=00036924 vaddr=40080000 size=096f4h ( 38644) load
I (172) esp_image: segment 3: paddr=00040020 vaddr=400d0020 size=7a7a4h (501668) map
I (323) esp_image: segment 4: paddr=000ba7cc vaddr=400896f4 size=0aac8h ( 43720) load
I (339) esp_image: segment 5: paddr=000c529c vaddr=50000000 size=00010h (    16) load
I (349) boot: Loaded app from partition at offset 0x10000
I (349) boot: Disabling RNG early entropy source...
I (361) cpu_start: Pro cpu up.
I (361) cpu_start: Starting app cpu, entry point is 0x400812d0
I (348) cpu_start: App cpu up.
I (375) cpu_start: Pro cpu start user code
I (375) cpu_start: cpu freq: 160000000 Hz
I (375) cpu_start: Application information:
I (380) cpu_start: Project name:     key_test
I (385) cpu_start: App version:      v5.6.0-stable-524-g40e7b3873-di
I (392) cpu_start: Compile time:     Apr 20 2023 11:46:03
I (398) cpu_start: ELF file SHA256:  7e112402bde28977...
I (404) cpu_start: ESP-IDF:          v5.0-dirty
I (410) heap_init: Initializing. RAM available for dynamic allocation:
I (417) heap_init: At 3FFAE6E0 len 00001920 (6 KiB): DRAM
I (423) heap_init: At 3FFB69E0 len 00029620 (165 KiB): DRAM
I (429) heap_init: At 3FFE0440 len 00003AE0 (14 KiB): D/IRAM
I (436) heap_init: At 3FFE4350 len 0001BCB0 (111 KiB): D/IRAM
I (442) heap_init: At 400941BC len 0000BE44 (47 KiB): IRAM
I (449) spi_flash: detected chip: generic
I (453) spi_flash: flash io: dio
W (457) spi_flash: Detected size(4096k) larger than the size in the binary image header(2048
k). Using the size in the binary image header.
I (471) cpu_start: Starting scheduler on PRO CPU.
I (0) cpu_start: Starting scheduler on APP CPU.
I (481) key test: --------------------------------------------------------
I (481) key test: --------------------------------------------------------
I (481) key test: ---------------------- BEGIN MAIN ----------------------
I (491) key test: --------------------------------------------------------
I (501) key test: --------------------------------------------------------
I (511) Version Info: Extended Version and Platform Information.
I (511) Version Info: LIBWOLFSSL_VERSION_STRING = 5.6.0
I (521) Version Info: LIBWOLFSSL_VERSION_HEX = 5006000
I (531) Version Info: LIBWOLFSSL_VERSION_GIT_ORIGIN = https://github.com/gojimmypi/wolfssl.g
it
I (531) Version Info: LIBWOLFSSL_VERSION_GIT_BRANCH = ED25519_SHA2_fix
I (541) Version Info: LIBWOLFSSL_VERSION_GIT_HASH = 40e7b3873532dfc77824f22abbc60ea26bbaa99c
I (551) Version Info: LIBWOLFSSL_VERSION_GIT_SHORT_HASH = 40e7b3873
I (561) Version Info: LIBWOLFSSL_VERSION_GIT_HASH_DATE = 'Thu Apr 20 11:42:10 2023 +0200'
I (571) Version Info: CONFIG_IDF_TARGET = esp32
I (571) Version Info: CONFIG_ESP32_DEFAULT_CPU_FREQ_MHZ: 160 MHz
I (581) Version Info: Xthal_have_ccount: 1
I (581) Version Info: CONFIG_MAIN_TASK_STACK_SIZE: 55000
I (591) Version Info: CONFIG_ESP_MAIN_TASK_STACK_SIZE: 55000
I (601) Version Info: CONFIG_TIMER_TASK_STACK_SIZE: 3584
I (601) Version Info: CONFIG_TIMER_TASK_STACK_DEPTH: 2048
I (611) Version Info: Stack HWM: 53724
I (611) Version Info: ESP32WROOM32_CRYPT is enabled for ESP32.
I (621) Version Info: NOT SINGLE_THREADED
I (661) key test: ESP_WIFI_MODE_STA
I (671) wifi:wifi driver task: 3ffc95b4, prio:23, stack:6656, core=0
I (671) system_api: Base MAC address is not set
I (671) system_api: read default base MAC address from EFUSE
I (691) wifi:wifi firmware version: 0d470ef
I (691) wifi:wifi certification version: v7.0
I (691) wifi:config NVS flash: enabled
I (691) wifi:config nano formating: disabled
I (691) wifi:Init data frame dynamic rx buffer num: 32
I (701) wifi:Init management frame dynamic rx buffer num: 32
I (701) wifi:Init management short buffer num: 32
I (711) wifi:Init dynamic tx buffer num: 32
I (711) wifi:Init static rx buffer size: 1600
I (721) wifi:Init static rx buffer num: 10
I (721) wifi:Init dynamic rx buffer num: 32
I (721) wifi_init: rx ba win: 6
I (731) wifi_init: tcpip mbox: 32
I (731) wifi_init: udp mbox: 6
I (731) wifi_init: tcp mbox: 6
I (741) wifi_init: tcp tx win: 5744
I (741) wifi_init: tcp rx win: 5744
I (751) wifi_init: tcp mss: 1440
I (751) wifi_init: WiFi IRAM OP enabled
I (761) wifi_init: WiFi RX IRAM OP enabled
W (761) key test: Warning test
E (761) key test: Error test
I (771) key test: Generating an RSA key 2048 bits long
I (15461) key test:

Cert PEM:

-----BEGIN RSA PRIVATE KEY-----
MIIEowIBAAKCAQEAmlNhKNIZ5698n4kP3hcu6c04RuX6LyQ4IpMp2/SX+ryYEKIl
pGuBQIdvp39RZRDTa4gW7GeCbolBDAuiXnoAx6iT57Ak6KOEZN6IapjDL3hF9t57
27ghMxce94D78L/gwqbuzmKbN0DahbJuPjA80HLu/BnDzins81q76INr/l6RNdLy
NEUCdHSlFJ/xS5Az3W06RmdCpzl71O09yXLSSxa7KlWkMQerqSrFTr0Ql461dZ/0
LdYzE8y6ACNNMoqdlOr5Tsboyf5TLYPlwvGNMM5DNVcvFng9sr1gMbHmueo8jqkR
+DXWhyErTWjyXDFGJ6aasu1fgoaySGx5rGyfkQIDAQABAoIBACe0PfH/o/SMnJZ6
798mvcYfK1RqRKSuP9b9X66cTiGPNdxJqz+S/Qz6C0rfobRL0OkAeU1XECKaI2cS
8zI1V1AG2g6orcZAk4ZUDmrGZKko2285LEqKI9h+IVRyFd+JrizGP/hPPDnJ8K6n
Cl/rjynd+AhaJJs9BB5UALZAYZ9ulIx3DlURvWM9n6Xsstd56aBYjCT9huC4tR8W
BSiBMFWNQ+lNUcwgR0kvrABRnNBYM+jbvsBd7JvqpbNUsZZJoRMwty4DlQWbuGH4
xLBI+BOCfFmSZB7X71sILGQk9rlNtuR/lFcvmkVFLiJKpnjDqYo+En0McaZnvb7l
O/rZ+AECgYEA1TPbQKfc6QQTxDram60RuDatJuNoluydTTXf+NBpPztotBXHwO9a
pghLNvcbXWuChJJ7wllDH+nk5DXev1qz2KUJ/KtbEFDoZljwePwoq73iYZWclbBk
iqDPudLRyWlx0Y+UAQTfIErtk0XzU17DV76RZPMXqa+dl0OxlbDnhYECgYEAuU3v
Fn+D5HdFdaaNrV+/IWpCO1rz7Fvrk4PnDNk9Lw4TlFlj66VdtxCPT6rLa7D5Z+EJ
RBgByhcqep3hykWIWACB4+yyqI168+UnRECaUv67mgUrlJEmcor9QGWgYN/d6cF6
UuiuXxJZtk/ezAv1HaVpIVtW+4vdECsNWeRhwhECgYBwv4W5gYw/5hoV8hHdtf7i
7ndPU3/iIKtnQ5B4Yq7l86MBaWtDytCjcUtle/SKyOoy9cxhEReAbw7O6PYtN+hY
L59CcdQsorzkMzCoqqFPgZGQjbBLMQdakISJ/sVWwF6itk1M5KiiyT0uXxW5BypC
4tK9Ehl3cRnj/raRNQabAQKBgQClE59tbHWDvxkawSAvlj8/tliAZfss0YpgpL3d
PV37IFAi9StFjtCYt+DjeOS08DiO6POHPNfDP7Xw+9tchWr78p/D+2YBL+Cbi8Xa
UK7qRtG7WOXE+TXGDrmjd6VTB7u6dUjSuUQ1n7RZ7HcvUWuwWF36gFNRzfxGXgQL
05+e8QKBgHlevVTCSJA4wowM1E+Qh/v8+q1Q4i3wUXIQGwFysu0ujZUYDwSzaWbO
1D0tTuiRR6UYZUvnutnLRzCkUUKsADQEbgV9yQq7GK/xv9YNgvYKwkTQuAszgkGr
UwKU1omZkpS3YGn/6omyw/Ez3+KjavBOqrNojUVNyBCg8dY3xm/7
-----END RSA PRIVATE KEY-----



I (15961) key test:

Request pem: (paste into file for CA sign)

-----BEGIN CERTIFICATE REQUEST-----
MIICxDCCAawCAQAwfzELMAkGA1UEBhMCTloxEDAOBgNVBAgMB1dhaWthdG8xETAP
BgNVBAcMCEhhbWlsdG9uMSAwHgYDVQQKDBdCbHVlIExlYWYgU29mdHdhcmUsIEx0
ZDEpMCcGA1UEAwwgTHVtb3MgSFcsIHNlcmlhbE51bWJlciA9IEJMUy0wMDIwggEi
MA0GCSqGSIb3DQEBAQUAA4IBDwAwggEKAoIBAQCaU2Eo0hnnr3yfiQ/eFy7pzThG
5fovJDgikynb9Jf6vJgQoiWka4FAh2+nf1FlENNriBbsZ4JuiUEMC6JeegDHqJPn
sCToo4Rk3ohqmMMveEX23nvbuCEzFx73gPvwv+DCpu7OYps3QNqFsm4+MDzQcu78
GcPOKezzWrvog2v+XpE10vI0RQJ0dKUUn/FLkDPdbTpGZ0KnOXvU7T3JctJLFrsq
VaQxB6upKsVOvRCXjrV1n/Qt1jMTzLoAI00yip2U6vlOxujJ/lMtg+XC8Y0wzkM1
Vy8WeD2yvWAxsea56jyOqRH4NdaHIStNaPJcMUYnppqy7V+ChrJIbHmsbJ+RAgMB
AAGgADANBgkqhkiG9w0BAQsFAAOCAQEALoHvKyIKyZQlpbY2HtiodO9m0/Vmqusm
GloyB73vME/awZggF/AcddVgh8nfTaKH1JZFxF012KD5ez1agYF9eNYAA30PiJJH
4Pk/jh/EiAPGxyUcZbjNg918+QOf9OxRrex9ACWHt9DPrTXFCsozMFhPTgd4YCCl
kjk/8GTkd957I3CF+1aDaI6SiV3eXab1YFjSjyp+q4DdZQJk9IIDcnYHNTF/5voV
dYcmSNczrmEzebxMpfaI9s7tmIFdS9IY6zaVH3GlxbBloa95PL0DAqwi7+g4lUiI
wYnVbOQxxQ8nmfiqqXuTbH8Zr5KS5WN/2oaU2meW/zSokxKEMB1LTA==
-----END CERTIFICATE REQUEST-----



I (16041) key test: openssl x509 -req -in ./output/test_request.crt -days 10    \
     -CA private/CertificateAuthority-4096-PublicKey.crt                 \
     -CAkey private/CertificateAuthority-4096-PrivateKey.pem             \
     -passin pass:secret -CAcreateserial                                 \
     -extfile private/CertificateExtensions.txt -extensions LumosDevice  \
     -out ./output/test-Device-Certificate_hw.crt -text

I (16091) key test: ESP32WROOM32_CRYPT is enabled for ESP32.
I (16091) key test: Done!
