ets Jun  8 2016 00:22:57

rst:0x3 (SW_RESET),boot:0x13 (SPI_FAST_FLASH_BOOT)
configsip: 0, SPIWP:0xee
clk_drv:0x00,q_drv:0x00,d_drv:0x00,cs0_drv:0x00,hd_dr
v:0x00,wp_drv:0x00
mode:DIO, clock div:2
load:0x3fff0030,len:7000
load:0x40078000,len:15452
ho 0 tail 12 room 4
load:0x40080400,len:3840
entry 0x4008064c
I (28) boot: ESP-IDF v5.0-dirty 2nd stage bootloader
I (28) boot: compile time 13:10:49
I (28) boot: chip revision: v1.0
I (31) boot_comm: chip revision: 1, min. bootloader c
hip revision: 0
I (38) boot.esp32: SPI Speed      : 40MHz
I (43) boot.esp32: SPI Mode       : DIO
I (47) boot.esp32: SPI Flash Size : 2MB
I (52) boot: Enabling RNG early entropy source...
I (57) boot: Partition Table:
I (61) boot: ## Label            Usage          Type
ST Offset   Length
I (68) boot:  0 nvs              WiFi data        01
02 00009000 00006000
I (76) boot:  1 phy_init         RF data          01
01 0000f000 00001000
I (83) boot:  2 factory          factory app      00
00 00010000 00177000
I (91) boot: End of partition table
I (95) boot_comm: chip revision: 1, min. application
chip revision: 0
I (102) esp_image: segment 0: paddr=00010020 vaddr=3f
400020 size=23bdch (146396) map
I (163) esp_image: segment 1: paddr=00033c04 vaddr=3f
fb0000 size=03b08h ( 15112) load
I (170) esp_image: segment 2: paddr=00037714 vaddr=40
080000 size=08904h ( 35076) load
I (184) esp_image: segment 3: paddr=00040020 vaddr=40
0d0020 size=7d508h (513288) map
I (370) esp_image: segment 4: paddr=000bd530 vaddr=40
088904 size=0c0f0h ( 49392) load
I (390) esp_image: segment 5: paddr=000c9628 vaddr=50
000000 size=00010h (    16) load
I (401) boot: Loaded app from partition at offset 0x1
0000
I (401) boot: Disabling RNG early entropy source...
I (413) cpu_start: Pro cpu up.
I (413) cpu_start: Starting app cpu, entry point is 0
x40081300
I (399) cpu_start: App cpu up.
I (429) cpu_start: Pro cpu start user code
I (430) cpu_start: cpu freq: 160000000 Hz
I (430) cpu_start: Application information:
I (434) cpu_start: Project name:     key_test
I (439) cpu_start: App version:      v5.6.0-stable-73
5-gcedae1f5d-di
I (446) cpu_start: Compile time:     May 10 2023 16:2
9:08
I (452) cpu_start: ELF file SHA256:  e1450d9a9c6a81da
...
I (458) cpu_start: ESP-IDF:          v5.0-dirty
I (464) heap_init: Initializing. RAM available for dy
namic allocation:
I (471) heap_init: At 3FFAE6E0 len 00001920 (6 KiB):
DRAM
I (477) heap_init: At 3FFB88C8 len 00027738 (157 KiB)
: DRAM
I (483) heap_init: At 3FFE0440 len 00003AE0 (14 KiB):
 D/IRAM
I (490) heap_init: At 3FFE4350 len 0001BCB0 (111 KiB)
: D/IRAM
I (496) heap_init: At 400949F4 len 0000B60C (45 KiB):
 IRAM
I (504) spi_flash: detected chip: generic
I (507) spi_flash: flash io: dio
W (511) spi_flash: Detected size(4096k) larger than t
he size in the binary image header(2048k). Using the
size in the binary image header.
I (525) cpu_start: Starting scheduler on PRO CPU.
I (0) cpu_start: Starting scheduler on APP CPU.
I (535) key test: -----------------------------------
---------------------
I (535) key test: -----------------------------------
---------------------
I (535) key test: ---------------------- BEGIN MAIN -
---------------------
I (545) key test: -----------------------------------
---------------------
I (555) key test: -----------------------------------
---------------------
I (565) Version Info: Extended Version and Platform I
nformation.
I (565) Version Info: LIBWOLFSSL_VERSION_STRING = 5.6
.0
I (575) Version Info: LIBWOLFSSL_VERSION_HEX = 500600
0
I (585) Version Info: LIBWOLFSSL_VERSION_GIT_TAG = v5
.6.0-stable
I (585) Version Info: LIBWOLFSSL_VERSION_GIT_ORIGIN =
 https://github.com/gojimmypi/wolfssl.git
I (595) Version Info: LIBWOLFSSL_VERSION_GIT_BRANCH =
 ED25519_SHA2_fix
I (605) Version Info: LIBWOLFSSL_VERSION_GIT_HASH = c
edae1f5db1b010d9be67ffb513f2c23a2c7a488
I (615) Version Info: LIBWOLFSSL_VERSION_GIT_SHORT_HA
SH = cedae1f5d
I (615) Version Info: LIBWOLFSSL_VERSION_GIT_HASH_DAT
E = 'Wed May 10 16:27:18 2023 -0700'
I (625) Version Info: CONFIG_IDF_TARGET = esp32
I (635) Version Info: CONFIG_ESP32_DEFAULT_CPU_FREQ_M
HZ: 160 MHz
I (645) Version Info: Xthal_have_ccount: 1
I (645) Version Info: CONFIG_MAIN_TASK_STACK_SIZE: 55
000
I (655) Version Info: CONFIG_ESP_MAIN_TASK_STACK_SIZE
: 55000
I (655) Version Info: CONFIG_TIMER_TASK_STACK_SIZE: 3
584
I (665) Version Info: CONFIG_TIMER_TASK_STACK_DEPTH:
2048
I (665) Version Info: Stack HWM: 53628
I (675) Version Info: ESP32WROOM32_CRYPT is enabled f
or ESP32.
I (685) Version Info: NOT SINGLE_THREADED
I (715) key test: ESP_WIFI_MODE_STA
I (725) wifi:wifi driver task: 3ffcb318, prio:23, sta
ck:6656, core=0
I (725) system_api: Base MAC address is not set
I (725) system_api: read default base MAC address fro
m EFUSE
I (745) wifi:wifi firmware version: 0d470ef
I (745) wifi:wifi certification version: v7.0
I (745) wifi:config NVS flash: enabled
I (745) wifi:config nano formating: disabled
I (745) wifi:Init data frame dynamic rx buffer num: 3
2
I (755) wifi:Init management frame dynamic rx buffer
num: 32
I (755) wifi:Init management short buffer num: 32
I (765) wifi:Init dynamic tx buffer num: 32
I (765) wifi:Init static rx buffer size: 1600
I (765) wifi:Init static rx buffer num: 10
I (775) wifi:Init dynamic rx buffer num: 32
I (775) wifi_init: rx ba win: 6
I (785) wifi_init: tcpip mbox: 32
I (785) wifi_init: udp mbox: 6
I (785) wifi_init: tcp mbox: 6
I (795) wifi_init: tcp tx win: 5744
I (795) wifi_init: tcp rx win: 5744
I (805) wifi_init: tcp mss: 1440
I (805) wifi_init: WiFi IRAM OP enabled
I (805) wifi_init: WiFi RX IRAM OP enabled
W (815) key test: Warning test
E (815) key test: Error test
I (825) key test: 0x3ffc3498   a5 a5 a5 a5 00 00 00 0
0  c4 00 fd 3f 01 a5 a5 a5  |...........?....|
I (835) key test: Generating an RSA key 512 bits long
I (835) key test: 0x3ffc3498   a5 a5 a5 a5 00 00 00 0
0  c4 00 fd 3f 01 a5 a5 a5  |...........?....|
I (2135) TFM: A == C
I (2135) TFM fp_mul: B2 mismatch!
I (2195) key test: wc_RsaKeyToDer derSz 318
I (2195) key test: wc_DerToPem pemSz 493
I (2195) key test: Begin  wc_InitCert
I (2205) key test: End  wc_InitCert
I (2205) key test: Begin  wc_MakeCertReq_ex
I (2215) key test: Begin  wc_MakeCertReq_ex
I (2215) key test: Begin  wc_SignCert_ex
I (2225) key test: 0x3ffc3498   a5 a5 a5 a5 00 00 00
00  c4 00 fd 3f 01 a5 a5 a5  |...........?....|
I (2255) TFM exptmod: G G2 mismatch!
I (2355) TFM exptmod: G G2 mismatch!
I (2355) TFM: A == C
I (2355) TFM fp_mul: A2 mismatch!
I (2355) key test: End  wc_SignCert_ex
I (2365) key test:

Request pem: (paste into file for CA sign)

-----BEGIN CERTIFICATE REQUEST-----
MIIBLzCB2gIBADB1MQswCQYDVQQGEwJOWjEQMA4GA1UECAwHV2Fpa
2F0bzERMA8G
A1UEBwwISGFtaWx0b24xIDAeBgNVBAoMF0JsdWUgTGVhZiBTb2Z0d
2FyZSwgTHRk
MR8wHQYDVQQDDBZMdW1vcyBIVywgU04gPSBCTFMtMDAyMFwwDQYJK
oZIhvcNAQEB
BQADSwAwSAJBAKKUeSfcn4gjkILS5QQGMfklzt7+zRkrt70O3ldVK
qkW4PVyfO7E
20Zq0EFhz8HQOs+mgJEURRlNhFO76ERbeRsCAwEAAaAAMA0GCSqGS
Ib3DQEBCwUA
A0EAdzPcdG0H0+XN5waz4iJIro6Y6UNoXSsYLNxY8wU306wvtr8FS
GQICTj8PCyA
xOvBz8EBVh5OptCSIbqFfI6eAQ==
-----END CERTIFICATE REQUEST-----



I (2415) key test: openssl x509 -req -in ./output/tes
t_request.crt -days 10    \
     -CA private/CertificateAuthority-4096-PublicKey.
crt                 \
     -CAkey private/CertificateAuthority-4096-Private
Key.pem             \
     -passin pass:secret -CAcreateserial
                    \
     -extfile private/CertificateExtensions.txt -exte
nsions LumosDevice  \
     -out ./output/test-Device-Certificate_hw.crt -te
xt

I (2455) key test: ESP32WROOM32_CRYPT is enabled for
ESP32.
I (2455) key test: Stack HWM: 35196
I (2465) key test: Done!
