ets Jun  8 2016 00:22:57

rst:0x3 (SW_RESET),boot:0x13 (SPI_FAST_FLASH_BOOT)
configsip: 0, SPIWP:0xee
clk_drv:0x00,q_drv:0x00,d_drv:0x00,cs0_drv:0x00,hd_
drv:0x00,wp_drv:0x00
mode:DIO, clock div:2
load:0x3fff0030,len:7000
load:0x40078000,len:15452
ho 0 tail 12 room 4
load:0x40080400,len:3840
entry 0x4008064c
I (28) boot: ESP-IDF v5.0-dirty 2nd stage bootloade
r
I (28) boot: compile time 17:55:19
I (28) boot: chip revision: v1.0
I (31) boot_comm: chip revision: 1, min. bootloader
 chip revision: 0
I (38) boot.esp32: SPI Speed      : 40MHz
I (43) boot.esp32: SPI Mode       : DIO
I (48) boot.esp32: SPI Flash Size : 2MB
I (52) boot: Enabling RNG early entropy source...
I (58) boot: Partition Table:
I (61) boot: ## Label            Usage          Typ
e ST Offset   Length
I (68) boot:  0 nvs              WiFi data        0
1 02 00009000 00006000
I (76) boot:  1 phy_init         RF data          0
1 01 0000f000 00001000
I (83) boot:  2 factory          factory app      0
0 00 00010000 00177000
I (91) boot: End of partition table
I (95) boot_comm: chip revision: 1, min. applicatio
n chip revision: 0
I (102) esp_image: segment 0: paddr=00010020 vaddr=
3f400020 size=23c9ch (146588) map
I (164) esp_image: segment 1: paddr=00033cc4 vaddr=
3ffb0000 size=03b08h ( 15112) load
I (170) esp_image: segment 2: paddr=000377d4 vaddr=
40080000 size=08844h ( 34884) load
I (184) esp_image: segment 3: paddr=00040020 vaddr=
400d0020 size=7d620h (513568) map
I (370) esp_image: segment 4: paddr=000bd648 vaddr=
40088844 size=0c1b0h ( 49584) load
I (391) esp_image: segment 5: paddr=000c9800 vaddr=
50000000 size=00010h (    16) load
I (401) boot: Loaded app from partition at offset 0
x10000
I (402) boot: Disabling RNG early entropy source...
I (413) cpu_start: Pro cpu up.
I (413) cpu_start: Starting app cpu, entry point is
 0x40081300
I (400) cpu_start: App cpu up.
I (430) cpu_start: Pro cpu start user code
I (430) cpu_start: cpu freq: 160000000 Hz
I (430) cpu_start: Application information:
I (435) cpu_start: Project name:     key_test
I (440) cpu_start: App version:      v5.6.0-stable-
742-g7d71c8b25-di
I (447) cpu_start: Compile time:     May 10 2023 21
:23:16
I (453) cpu_start: ELF file SHA256:  a491b518f5ac0a
05...
I (459) cpu_start: ESP-IDF:          v5.0-dirty
I (464) heap_init: Initializing. RAM available for
dynamic allocation:
I (471) heap_init: At 3FFAE6E0 len 00001920 (6 KiB)
: DRAM
I (477) heap_init: At 3FFB88C8 len 00027738 (157 Ki
B): DRAM
I (483) heap_init: At 3FFE0440 len 00003AE0 (14 KiB
): D/IRAM
I (490) heap_init: At 3FFE4350 len 0001BCB0 (111 Ki
B): D/IRAM
I (496) heap_init: At 400949F4 len 0000B60C (45 KiB
): IRAM
I (504) spi_flash: detected chip: generic
I (507) spi_flash: flash io: dio
W (511) spi_flash: Detected size(4096k) larger than
 the size in the binary image header(2048k). Using
the size in the binary image header.
I (525) cpu_start: Starting scheduler on PRO CPU.
I (0) cpu_start: Starting scheduler on APP CPU.
I (545) key test: ---------------------------------
-----------------------
I (545) key test: ---------------------------------
-----------------------
I (545) key test: ---------------------- BEGIN MAIN
 ----------------------
I (545) key test: ---------------------------------
-----------------------
I (555) key test: ---------------------------------
-----------------------
I (565) Version Info: Extended Version and Platform
 Information.
I (565) Version Info: LIBWOLFSSL_VERSION_STRING = 5
.6.0
I (575) Version Info: LIBWOLFSSL_VERSION_HEX = 5006
000
I (585) Version Info: LIBWOLFSSL_VERSION_GIT_TAG =
v5.6.0-stable
I (585) Version Info: LIBWOLFSSL_VERSION_GIT_ORIGIN
 = https://github.com/gojimmypi/wolfssl.git
I (595) Version Info: LIBWOLFSSL_VERSION_GIT_BRANCH
 = ED25519_SHA2_fix
I (605) Version Info: LIBWOLFSSL_VERSION_GIT_HASH =
 7d71c8b25b79f7b9a0be56fb50ecae58b427b7e9
I (615) Version Info: LIBWOLFSSL_VERSION_GIT_SHORT_
HASH = 7d71c8b25
I (625) Version Info: LIBWOLFSSL_VERSION_GIT_HASH_D
ATE = 'Wed May 10 21:17:54 2023 -0700'
I (625) Version Info: CONFIG_IDF_TARGET = esp32
I (635) Version Info: CONFIG_ESP32_DEFAULT_CPU_FREQ
_MHZ: 160 MHz
I (645) Version Info: Xthal_have_ccount: 1
I (645) Version Info: CONFIG_MAIN_TASK_STACK_SIZE:
55000
I (655) Version Info: CONFIG_ESP_MAIN_TASK_STACK_SI
ZE: 55000
I (655) Version Info: CONFIG_TIMER_TASK_STACK_SIZE:
 3584
I (665) Version Info: CONFIG_TIMER_TASK_STACK_DEPTH
: 2048
I (675) Version Info: Stack HWM: 53628
I (675) Version Info: ESP32WROOM32_CRYPT is enabled
 for ESP32.
I (685) Version Info: NOT SINGLE_THREADED
I (715) key test: ESP_WIFI_MODE_STA
I (725) wifi:wifi driver task: 3ffcb318, prio:23, s
tack:6656, core=0
I (725) system_api: Base MAC address is not set
I (725) system_api: read default base MAC address f
rom EFUSE
I (745) wifi:wifi firmware version: 0d470ef
I (745) wifi:wifi certification version: v7.0
I (745) wifi:config NVS flash: enabled
I (745) wifi:config nano formating: disabled
I (755) wifi:Init data frame dynamic rx buffer num:
 32
I (755) wifi:Init management frame dynamic rx buffe
r num: 32
I (755) wifi:Init management short buffer num: 32
I (765) wifi:Init dynamic tx buffer num: 32
I (765) wifi:Init static rx buffer size: 1600
I (775) wifi:Init static rx buffer num: 10
I (775) wifi:Init dynamic rx buffer num: 32
I (785) wifi_init: rx ba win: 6
I (785) wifi_init: tcpip mbox: 32
I (785) wifi_init: udp mbox: 6
I (795) wifi_init: tcp mbox: 6
I (795) wifi_init: tcp tx win: 5744
I (795) wifi_init: tcp rx win: 5744
I (805) wifi_init: tcp mss: 1440
I (805) wifi_init: WiFi IRAM OP enabled
I (815) wifi_init: WiFi RX IRAM OP enabled
W (815) key test: Warning test
E (825) key test: Error test
I (835) key test: 0x3ffc3498   a5 a5 a5 a5 00 00 00
 00  c4 00 fd 3f 01 a5 a5 a5  |...........?....|
I (835) key test: Generating an RSA key 512 bits lo
ng
I (835) key test: 0x3ffc3498   a5 a5 a5 a5 00 00 00
 00  c4 00 fd 3f 01 a5 a5 a5  |...........?....|
I (2395) TFM: A == C
I (2395) TFM fp_mul: B2 mismatch!
I (2455) key test: wc_RsaKeyToDer derSz 319
I (2455) key test: wc_DerToPem pemSz 497
I (2455) key test: Begin  wc_InitCert
I (2465) key test: End  wc_InitCert
I (2465) key test: Begin  wc_MakeCertReq_ex
I (2475) key test: Begin  wc_MakeCertReq_ex
I (2475) key test: Begin  wc_SignCert_ex
I (2485) key test: 0x3ffc3498   a5 a5 a5 a5 00 00 0
0 00  c4 00 fd 3f 01 a5 a5 a5  |...........?....|
I (2545) rsa peek: tmp  = 3FFD0488
I (2545) rsa peek: rng  = 3FFC3498
I (2545) rsa peek: rnd  = 3FFD06B4
I (2545) rsa peek: rndi = 3FFD08E0
I (2615) rsa peek 2: tmp  = 3FFD0488
I (2635) rsa peek 2: tmpa = 3FFD0488
I (2655) TFM exptmod: G G2 mismatch!
I (2665) rsa peek 2: tmp  = 3FFD0488
I (2685) rsa peek 2: tmpa = 3FFD0488
I (2725) TFM: A == C
I (2725) TFM fp_mul: A2 mismatch!
I (2735) rsa peek: tmp  = 3FFD0488
I (2735) rsa peek: rng  = 3FFC3498
I (2735) rsa peek: rnd  = 3FFD06B4
I (2735) rsa peek: rndi = 3FFD08E0
I (2735) key test: End  wc_SignCert_ex
I (2735) key test:

Request pem: (paste into file for CA sign)

-----BEGIN CERTIFICATE REQUEST-----
MIIBLzCB2gIBADB1MQswCQYDVQQGEwJOWjEQMA4GA1UECAwHV2F
pa2F0bzERMA8G
A1UEBwwISGFtaWx0b24xIDAeBgNVBAoMF0JsdWUgTGVhZiBTb2Z
0d2FyZSwgTHRk
MR8wHQYDVQQDDBZMdW1vcyBIVywgU04gPSBCTFMtMDAyMFwwDQY
JKoZIhvcNAQEB
BQADSwAwSAJBALbvxzO+KjNKkkD8QueQ7jQapwbKj2be0e7um1u
ga8GRiaN4uHnP
5LIZVIkwhEl9v52g3CIaG/DgrjZvBUXAb5MCAwEAAaAAMA0GCSq
GSIb3DQEBCwUA
A0EAqzQpv2JDHf/S9QKfeNYQmK51aspDT3btZniVba9b5SqHCkF
w2/pLyhkicitw
mES/qw7xT58K7WawCBC+eyJMLQ==
-----END CERTIFICATE REQUEST-----



I (2735) key test: openssl x509 -req -in ./output/t
est_request.crt -days 10    \
     -CA private/CertificateAuthority-4096-PublicKe
y.crt                 \
     -CAkey private/CertificateAuthority-4096-Priva
teKey.pem             \
     -passin pass:secret -CAcreateserial
                      \
     -extfile private/CertificateExtensions.txt -ex
tensions LumosDevice  \
     -out ./output/test-Device-Certificate_hw.crt -
text

I (2745) key test: ESP32WROOM32_CRYPT is enabled fo
r ESP32.
I (2755) key test: Stack HWM: 34620
I (2755) key test: Done!
