ets Jun  8 2016 00:22:57

rst:0x3 (SW_RESET),boot:0x13 (SPI_FAST_FLASH_BOOT)
configsip: 0, SPIWP:0xee
clk_drv:0x00,q_drv:0x00,d_drv:0x00,cs0_drv:0x00,hd_drv:0x00,wp_drv:0x00
mode:DIO, clock div:2
load:0x3fff0030,len:7000
load:0x40078000,len:15452
ho 0 tail 12 room 4
load:0x40080400,len:3840
entry 0x4008064c
I (28) boot: ESP-IDF v5.0-dirty 2nd stage bootloader
I (28) boot: compile time 14:15:52
I (28) boot: chip revision: v1.0
I (31) boot_comm: chip revision: 1, min. bootloader chip revision: 0
I (38) boot.esp32: SPI Speed      : 40MHz
I (43) boot.esp32: SPI Mode       : DIO
I (47) boot.esp32: SPI Flash Size : 2MB
I (52) boot: Enabling RNG early entropy source...
I (57) boot: Partition Table:
I (61) boot: ## Label            Usage          Type ST Offset   Length
I (68) boot:  0 nvs              WiFi data        01 02 00009000 00006000
I (76) boot:  1 phy_init         RF data          01 01 0000f000 00001000
I (83) boot:  2 factory          factory app      00 00 00010000 00177000
I (91) boot: End of partition table
I (95) boot_comm: chip revision: 1, min. application chip revision: 0
I (102) esp_image: segment 0: paddr=00010020 vaddr=3f400020 size=262b4h (156340) map
I (167) esp_image: segment 1: paddr=000362dc vaddr=3ffb0000 size=03b08h ( 15112) load
I (173) esp_image: segment 2: paddr=00039dec vaddr=40080000 size=0622ch ( 25132) load
I (184) esp_image: segment 3: paddr=00040020 vaddr=400d0020 size=7ee18h (519704) map
I (372) esp_image: segment 4: paddr=000bee40 vaddr=4008622c size=0e7c8h ( 59336) load
I (396) esp_image: segment 5: paddr=000cd610 vaddr=50000000 size=00010h (    16) load
I (407) boot: Loaded app from partition at offset 0x10000
I (407) boot: Disabling RNG early entropy source...
I (419) cpu_start: Pro cpu up.
I (419) cpu_start: Starting app cpu, entry point is 0x40081300
I (405) cpu_start: App cpu up.
I (435) cpu_start: Pro cpu start user code
I (435) cpu_start: cpu freq: 160000000 Hz
I (435) cpu_start: Application information:
I (440) cpu_start: Project name:     key_test
I (445) cpu_start: App version:      v5.6.0-stable-760-ge87efaf37-di
I (452) cpu_start: Compile time:     May 11 2023 16:25:21
I (458) cpu_start: ELF file SHA256:  2d67ea97df3b24df...
I (464) cpu_start: ESP-IDF:          v5.0-dirty
I (470) heap_init: Initializing. RAM available for dynamic allocation:
I (477) heap_init: At 3FFAE6E0 len 00001920 (6 KiB): DRAM
I (483) heap_init: At 3FFB6B38 len 000294C8 (165 KiB): DRAM
I (489) heap_init: At 3FFE0440 len 00003AE0 (14 KiB): D/IRAM
I (495) heap_init: At 3FFE4350 len 0001BCB0 (111 KiB): D/IRAM
I (502) heap_init: At 400949F4 len 0000B60C (45 KiB): IRAM
I (509) spi_flash: detected chip: generic
I (513) spi_flash: flash io: dio
W (517) spi_flash: Detected size(4096k) larger than the size in the binary image header(2048k). U
sing the size in the binary image header.
I (531) cpu_start: Starting scheduler on PRO CPU.
I (0) cpu_start: Starting scheduler on APP CPU.
I (550) key test: --------------------------------------------------------
I (550) key test: --------------------------------------------------------
I (550) key test: ---------------------- BEGIN MAIN ----------------------
I (550) key test: --------------------------------------------------------
I (560) key test: --------------------------------------------------------
I (570) Version Info: Extended Version and Platform Information.
I (570) Version Info: LIBWOLFSSL_VERSION_STRING = 5.6.0
I (580) Version Info: LIBWOLFSSL_VERSION_HEX = 5006000
I (590) Version Info: LIBWOLFSSL_VERSION_GIT_TAG = v5.6.0-stable
I (590) Version Info: LIBWOLFSSL_VERSION_GIT_ORIGIN = https://github.com/gojimmypi/wolfssl.git
I (600) Version Info: LIBWOLFSSL_VERSION_GIT_BRANCH = ED25519_SHA2_fix
I (610) Version Info: LIBWOLFSSL_VERSION_GIT_HASH = e87efaf376a93433260a4960c58aac942c6d5937
I (620) Version Info: LIBWOLFSSL_VERSION_GIT_SHORT_HASH = e87efaf37
I (630) Version Info: LIBWOLFSSL_VERSION_GIT_HASH_DATE = 'Thu May 11 16:23:59 2023 -0700'
I (630) Version Info: CONFIG_IDF_TARGET = esp32
I (640) Version Info: CONFIG_ESP32_DEFAULT_CPU_FREQ_MHZ: 160 MHz
I (650) Version Info: Xthal_have_ccount: 1
I (650) Version Info: CONFIG_MAIN_TASK_STACK_SIZE: 55000
I (660) Version Info: CONFIG_ESP_MAIN_TASK_STACK_SIZE: 55000
I (660) Version Info: CONFIG_TIMER_TASK_STACK_SIZE: 3584
I (670) Version Info: CONFIG_TIMER_TASK_STACK_DEPTH: 2048
I (680) Version Info: Stack HWM: 53628
I (680) Version Info: ESP32WROOM32_CRYPT is enabled for ESP32.
I (690) Version Info: NOT SINGLE_THREADED
I (720) key test: ESP_WIFI_MODE_STA
I (730) wifi:wifi driver task: 3ffc9588, prio:23, stack:6656, core=0
I (730) system_api: Base MAC address is not set
I (730) system_api: read default base MAC address from EFUSE
I (750) wifi:wifi firmware version: 0d470ef
I (750) wifi:wifi certification version: v7.0
I (750) wifi:config NVS flash: enabled
I (750) wifi:config nano formating: disabled
I (760) wifi:Init data frame dynamic rx buffer num: 32
I (760) wifi:Init management frame dynamic rx buffer num: 32
I (760) wifi:Init management short buffer num: 32
I (770) wifi:Init dynamic tx buffer num: 32
I (770) wifi:Init static rx buffer size: 1600
I (780) wifi:Init static rx buffer num: 10
I (780) wifi:Init dynamic rx buffer num: 32
I (790) wifi_init: rx ba win: 6
I (790) wifi_init: tcpip mbox: 32
I (790) wifi_init: udp mbox: 6
I (800) wifi_init: tcp mbox: 6
I (800) wifi_init: tcp tx win: 5744
I (800) wifi_init: tcp rx win: 5744
I (810) wifi_init: tcp mss: 1440
I (810) wifi_init: WiFi IRAM OP enabled
I (820) wifi_init: WiFi RX IRAM OP enabled
W (820) key test:   Warning test
E (830) key test:   Error test
I (830) key test: 0x3ffc1708   a5 a5 a5 a5 00 00 00 00  34 e3 fc 3f 01 a5 a5 a5  |........4..?...
.|
I (840) key test: Generating an RSA key 2048 bits long
I (850) key test: Generating an RSA key 2048 bits long
I (850) key test: 0x3ffc1708   a5 a5 a5 a5 00 00 00 00  34 e3 fc 3f 01 a5 a5 a5  |........4..?...
.|
I (5300) key test: wc_RsaKeyToDer derSz 1192
I (5300) key test: wc_DerToPem pemSz 1679
I (5300) key test: Begin  wc_InitCert
I (5300) key test: End    wc_InitCert
I (5300) key test: Begin  wc_MakeCertReq_ex
I (5310) key test: Begin  wc_MakeCertReq_ex
I (5310) key test: Begin  wc_SignCert_ex
I (5320) key test: 0x3ffc1708   a5 a5 a5 a5 00 00 00 00  34 e3 fc 3f 01 a5 a5 a5  |........4..?..
..|
I (5760) key test: End  wc_SignCert_ex
I (5760) key test:

Request pem: (paste into file for CA sign)

-----BEGIN CERTIFICATE REQUEST-----
MIICujCCAaICAQAwdTELMAkGA1UEBhMCTloxEDAOBgNVBAgMB1dhaWthdG8xETAP
BgNVBAcMCEhhbWlsdG9uMSAwHgYDVQQKDBdCbHVlIExlYWYgU29mdHdhcmUsIEx0
ZDEfMB0GA1UEAwwWTHVtb3MgSFcsIFNOID0gQkxTLTAwMjCCASIwDQYJKoZIhvcN
AQEBBQADggEPADCCAQoCggEBAMK3++nS5wg5Uo5FUHsGvYO2UZeFqnhKGGMDnP0S
UxKRyqxauAss27NqH8dGEql8SBGGnES5laQdEGtsWAId+QLijxO//WxspDlp4BUS
NC8XdCMmGUTbvp2BCY0M89PVgQHuURcDW6ofnwguEGBYXSh6cU9JbDm2mGFOnp68
d+5sJqNbgc/N1aXWpUh7WWcAxuOBs0FykLMiJLcobHh10oM0O7qlCi8k4MnMGQrH
OBd6uj53teyCO5RPV2/BmQ7hmgMaBM37AcssPxpwTB32T9lScx1eSLzGsWG9QUWm
xrtBEWfEcLnVIeSYrGtBg3geyJdCEnxLGNIvkzTLE1mB+vcCAwEAAaAAMA0GCSqG
SIb3DQEBCwUAA4IBAQBPuX0DELIdvv6jWXFhYj0PPs4iC8NrA6bIYgdF1dSuZ2KL
jzepRzfIcfaKPRlrFODTa1XLOQJqwiHHRSBoTqgfttJc60t/Q3UFzwzVWeBH9Te8
3jlTS8YdIgG1dPRmw2PgM1/spERqT/oQAXeKLqfBs4hl8lozwyZsGmM2uo2rPfAJ
Kjxc6QUGzSM9tMswAVvg9hNPzQUEIApy+d5C87D5uGlBdNrq6cJTC0ykMwUaMY4L
3vWK/2EJNuZ0UrrznGcK3nSPNaqhBOrdnzRJfPcipUSVsk//en+gsGXkkBbLkzZD
ErfZPnveQwdPd+cWE3nHcjZGUTn3UgaFQJqw/fH0
-----END CERTIFICATE REQUEST-----



I (5850) key test: openssl x509 -req -in ./output/test_request.crt -days 10    \
     -CA private/CertificateAuthority-4096-PublicKey.crt                 \
     -CAkey private/CertificateAuthority-4096-PrivateKey.pem             \
     -passin pass:secret -CAcreateserial                                 \
     -extfile private/CertificateExtensions.txt -extensions LumosDevice  \
     -out ./output/test-Device-Certificate_hw.crt -text

I (5900) key test: ESP32WROOM32_CRYPT is enabled for ESP32.
I (5900) key test: Stack HWM: 35292
I (5910) key test: Done!
